Archive member included to satisfy reference by file (symbol)

e:/program files/st/stm32cubeide_1.7.0/stm32cubeide/plugins/com.st.stm32cube.ide.mcu.externaltools.gnu-tools-for-stm32.9-2020-q2-update.win32_2.0.0.202105311346/tools/bin/../lib/gcc/arm-none-eabi/9.3.1/../../../../arm-none-eabi/lib/thumb/v7e-m+fp/hard\libc_nano.a(lib_a-errno.o)
                              ./Core/Src/syscalls.o (__errno)
e:/program files/st/stm32cubeide_1.7.0/stm32cubeide/plugins/com.st.stm32cube.ide.mcu.externaltools.gnu-tools-for-stm32.9-2020-q2-update.win32_2.0.0.202105311346/tools/bin/../lib/gcc/arm-none-eabi/9.3.1/../../../../arm-none-eabi/lib/thumb/v7e-m+fp/hard\libc_nano.a(lib_a-exit.o)
                              e:/program files/st/stm32cubeide_1.7.0/stm32cubeide/plugins/com.st.stm32cube.ide.mcu.externaltools.gnu-tools-for-stm32.9-2020-q2-update.win32_2.0.0.202105311346/tools/bin/../lib/gcc/arm-none-eabi/9.3.1/../../../../arm-none-eabi/lib/thumb/v7e-m+fp/hard/crt0.o (exit)
e:/program files/st/stm32cubeide_1.7.0/stm32cubeide/plugins/com.st.stm32cube.ide.mcu.externaltools.gnu-tools-for-stm32.9-2020-q2-update.win32_2.0.0.202105311346/tools/bin/../lib/gcc/arm-none-eabi/9.3.1/../../../../arm-none-eabi/lib/thumb/v7e-m+fp/hard\libc_nano.a(lib_a-impure.o)
                              e:/program files/st/stm32cubeide_1.7.0/stm32cubeide/plugins/com.st.stm32cube.ide.mcu.externaltools.gnu-tools-for-stm32.9-2020-q2-update.win32_2.0.0.202105311346/tools/bin/../lib/gcc/arm-none-eabi/9.3.1/../../../../arm-none-eabi/lib/thumb/v7e-m+fp/hard\libc_nano.a(lib_a-exit.o) (_global_impure_ptr)
e:/program files/st/stm32cubeide_1.7.0/stm32cubeide/plugins/com.st.stm32cube.ide.mcu.externaltools.gnu-tools-for-stm32.9-2020-q2-update.win32_2.0.0.202105311346/tools/bin/../lib/gcc/arm-none-eabi/9.3.1/../../../../arm-none-eabi/lib/thumb/v7e-m+fp/hard\libc_nano.a(lib_a-init.o)
                              e:/program files/st/stm32cubeide_1.7.0/stm32cubeide/plugins/com.st.stm32cube.ide.mcu.externaltools.gnu-tools-for-stm32.9-2020-q2-update.win32_2.0.0.202105311346/tools/bin/../lib/gcc/arm-none-eabi/9.3.1/../../../../arm-none-eabi/lib/thumb/v7e-m+fp/hard/crt0.o (__libc_init_array)
e:/program files/st/stm32cubeide_1.7.0/stm32cubeide/plugins/com.st.stm32cube.ide.mcu.externaltools.gnu-tools-for-stm32.9-2020-q2-update.win32_2.0.0.202105311346/tools/bin/../lib/gcc/arm-none-eabi/9.3.1/../../../../arm-none-eabi/lib/thumb/v7e-m+fp/hard\libc_nano.a(lib_a-memset.o)
                              e:/program files/st/stm32cubeide_1.7.0/stm32cubeide/plugins/com.st.stm32cube.ide.mcu.externaltools.gnu-tools-for-stm32.9-2020-q2-update.win32_2.0.0.202105311346/tools/bin/../lib/gcc/arm-none-eabi/9.3.1/../../../../arm-none-eabi/lib/thumb/v7e-m+fp/hard/crt0.o (memset)
e:/program files/st/stm32cubeide_1.7.0/stm32cubeide/plugins/com.st.stm32cube.ide.mcu.externaltools.gnu-tools-for-stm32.9-2020-q2-update.win32_2.0.0.202105311346/tools/bin/../lib/gcc/arm-none-eabi/9.3.1/../../../../arm-none-eabi/lib/thumb/v7e-m+fp/hard\libc_nano.a(lib_a-rand.o)
                              ./Core/Src/main.o (srand)
e:/program files/st/stm32cubeide_1.7.0/stm32cubeide/plugins/com.st.stm32cube.ide.mcu.externaltools.gnu-tools-for-stm32.9-2020-q2-update.win32_2.0.0.202105311346/tools/bin/../lib/gcc/arm-none-eabi/9.3.1/../../../../arm-none-eabi/lib/thumb/v7e-m+fp/hard\libc_nano.a(lib_a-sprintf.o)
                              ./Core/Src/stm32f3xx_it.o (sprintf)
e:/program files/st/stm32cubeide_1.7.0/stm32cubeide/plugins/com.st.stm32cube.ide.mcu.externaltools.gnu-tools-for-stm32.9-2020-q2-update.win32_2.0.0.202105311346/tools/bin/../lib/gcc/arm-none-eabi/9.3.1/../../../../arm-none-eabi/lib/thumb/v7e-m+fp/hard\libc_nano.a(lib_a-strlen.o)
                              ./Core/Src/LiquidCrystal.o (strlen)
e:/program files/st/stm32cubeide_1.7.0/stm32cubeide/plugins/com.st.stm32cube.ide.mcu.externaltools.gnu-tools-for-stm32.9-2020-q2-update.win32_2.0.0.202105311346/tools/bin/../lib/gcc/arm-none-eabi/9.3.1/../../../../arm-none-eabi/lib/thumb/v7e-m+fp/hard\libc_nano.a(lib_a-time.o)
                              ./Core/Src/main.o (time)
e:/program files/st/stm32cubeide_1.7.0/stm32cubeide/plugins/com.st.stm32cube.ide.mcu.externaltools.gnu-tools-for-stm32.9-2020-q2-update.win32_2.0.0.202105311346/tools/bin/../lib/gcc/arm-none-eabi/9.3.1/../../../../arm-none-eabi/lib/thumb/v7e-m+fp/hard\libc_nano.a(lib_a-assert.o)
                              e:/program files/st/stm32cubeide_1.7.0/stm32cubeide/plugins/com.st.stm32cube.ide.mcu.externaltools.gnu-tools-for-stm32.9-2020-q2-update.win32_2.0.0.202105311346/tools/bin/../lib/gcc/arm-none-eabi/9.3.1/../../../../arm-none-eabi/lib/thumb/v7e-m+fp/hard\libc_nano.a(lib_a-rand.o) (__assert_func)
e:/program files/st/stm32cubeide_1.7.0/stm32cubeide/plugins/com.st.stm32cube.ide.mcu.externaltools.gnu-tools-for-stm32.9-2020-q2-update.win32_2.0.0.202105311346/tools/bin/../lib/gcc/arm-none-eabi/9.3.1/../../../../arm-none-eabi/lib/thumb/v7e-m+fp/hard\libc_nano.a(lib_a-fprintf.o)
[...]
Memory Configuration

Name             Origin             Length             Attributes
CCMRAM           0x0000000010000000 0x0000000000002000 xrw
RAM              0x0000000020000000 0x000000000000a000 xrw
FLASH            0x0000000008000000 0x0000000000040000 xr
*default*        0x0000000000000000 0xffffffffffffffff

Linker script and memory map

LOAD e:/program files/st/stm32cubeide_1.7.0/stm32cubeide/plugins/com.st.stm32cube.ide.mcu.externaltools.gnu-tools-for-stm32.9-2020-q2-update.win32_2.0.0.202105311346/tools/bin/../lib/gcc/arm-none-eabi/9.3.1/thumb/v7e-m+fp/hard/crti.o
LOAD e:/program files/st/stm32cubeide_1.7.0/stm32cubeide/plugins/com.st.stm32cube.ide.mcu.externaltools.gnu-tools-for-stm32.9-2020-q2-update.win32_2.0.0.202105311346/tools/bin/../lib/gcc/arm-none-eabi/9.3.1/thumb/v7e-m+fp/hard/crtbegin.o
LOAD e:/program files/st/stm32cubeide_1.7.0/stm32cubeide/plugins/com.st.stm32cube.ide.mcu.externaltools.gnu-tools-for-stm32.9-2020-q2-update.win32_2.0.0.202105311346/tools/bin/../lib/gcc/arm-none-eabi/9.3.1/../../../../arm-none-eabi/lib/thumb/v7e-m+fp/hard/crt0.o
LOAD ./Core/Src/LiquidCrystal.o
LOAD ./Core/Src/main.o
LOAD ./Core/Src/stm32f3xx_hal_msp.o
LOAD ./Core/Src/stm32f3xx_it.o
LOAD ./Core/Src/syscalls.o
LOAD ./Core/Src/sysmem.o
LOAD ./Core/Src/system_stm32f3xx.o
LOAD ./Core/Startup/startup_stm32f303vctx.o
LOAD ./Drivers/STM32F3xx_HAL_Driver/Src/stm32f3xx_hal.o
LOAD ./Drivers/STM32F3xx_HAL_Driver/Src/stm32f3xx_hal_adc.o
LOAD ./Drivers/STM32F3xx_HAL_Driver/Src/stm32f3xx_hal_adc_ex.o
LOAD ./Drivers/STM32F3xx_HAL_Driver/Src/stm32f3xx_hal_cortex.o
LOAD ./Drivers/STM32F3xx_HAL_Driver/Src/stm32f3xx_hal_dma.o
LOAD ./Drivers/STM32F3xx_HAL_Driver/Src/stm32f3xx_hal_exti.o
LOAD ./Drivers/STM32F3xx_HAL_Driver/Src/stm32f3xx_hal_flash.o
LOAD ./Drivers/STM32F3xx_HAL_Driver/Src/stm32f3xx_hal_flash_ex.o
LOAD ./Drivers/STM32F3xx_HAL_Driver/Src/stm32f3xx_hal_gpio.o
LOAD ./Drivers/STM32F3xx_HAL_Driver/Src/stm32f3xx_hal_i2c.o
LOAD ./Drivers/STM32F3xx_HAL_Driver/Src/stm32f3xx_hal_i2c_ex.o
LOAD ./Drivers/STM32F3xx_HAL_Driver/Src/stm32f3xx_hal_pcd.o
LOAD ./Drivers/STM32F3xx_HAL_Driver/Src/stm32f3xx_hal_pcd_ex.o
LOAD ./Drivers/STM32F3xx_HAL_Driver/Src/stm32f3xx_hal_pwr.o
LOAD ./Drivers/STM32F3xx_HAL_Driver/Src/stm32f3xx_hal_pwr_ex.o
LOAD ./Drivers/STM32F3xx_HAL_Driver/Src/stm32f3xx_hal_rcc.o
LOAD ./Drivers/STM32F3xx_HAL_Driver/Src/stm32f3xx_hal_rcc_ex.o
LOAD ./Drivers/STM32F3xx_HAL_Driver/Src/stm32f3xx_hal_rtc.o
LOAD ./Drivers/STM32F3xx_HAL_Driver/Src/stm32f3xx_hal_rtc_ex.o
LOAD ./Drivers/STM32F3xx_HAL_Driver/Src/stm32f3xx_hal_spi.o
LOAD ./Drivers/STM32F3xx_HAL_Driver/Src/stm32f3xx_hal_spi_ex.o
LOAD ./Drivers/STM32F3xx_HAL_Driver/Src/stm32f3xx_hal_tim.o
LOAD ./Drivers/STM32F3xx_HAL_Driver/Src/stm32f3xx_hal_tim_ex.o
LOAD ./Drivers/STM32F3xx_HAL_Driver/Src/stm32f3xx_hal_uart.o
LOAD ./Drivers/STM32F3xx_HAL_Driver/Src/stm32f3xx_hal_uart_ex.o
LOAD ./Drivers/STM32F3xx_HAL_Driver/Src/stm32f3xx_ll_usb.o
START GROUP
LOAD e:/program files/st/stm32cubeide_1.7.0/stm32cubeide/plugins/com.st.stm32cube.ide.mcu.externaltools.gnu-tools-for-stm32.9-2020-q2-update.win32_2.0.0.202105311346/tools/bin/../lib/gcc/arm-none-eabi/9.3.1/../../../../arm-none-eabi/lib/thumb/v7e-m+fp/hard\libc_nano.a
LOAD e:/program files/st/stm32cubeide_1.7.0/stm32cubeide/plugins/com.st.stm32cube.ide.mcu.externaltools.gnu-tools-for-stm32.9-2020-q2-update.win32_2.0.0.202105311346/tools/bin/../lib/gcc/arm-none-eabi/9.3.1/../../../../arm-none-eabi/lib/thumb/v7e-m+fp/hard\libm.a
END GROUP
START GROUP
LOAD e:/program files/st/stm32cubeide_1.7.0/stm32cubeide/plugins/com.st.stm32cube.ide.mcu.externaltools.gnu-tools-for-stm32.9-2020-q2-update.win32_2.0.0.202105311346/tools/bin/../lib/gcc/arm-none-eabi/9.3.1/thumb/v7e-m+fp/hard\libgcc.a
LOAD e:/program files/st/stm32cubeide_1.7.0/stm32cubeide/plugins/com.st.stm32cube.ide.mcu.externaltools.gnu-tools-for-stm32.9-2020-q2-update.win32_2.0.0.202105311346/tools/bin/../lib/gcc/arm-none-eabi/9.3.1/../../../../arm-none-eabi/lib/thumb/v7e-m+fp/hard\libc_nano.a
END GROUP
START GROUP
LOAD e:/program files/st/stm32cubeide_1.7.0/stm32cubeide/plugins/com.st.stm32cube.ide.mcu.externaltools.gnu-tools-for-stm32.9-2020-q2-update.win32_2.0.0.202105311346/tools/bin/../lib/gcc/arm-none-eabi/9.3.1/thumb/v7e-m+fp/hard\libgcc.a
LOAD e:/program files/st/stm32cubeide_1.7.0/stm32cubeide/plugins/com.st.stm32cube.ide.mcu.externaltools.gnu-tools-for-stm32.9-2020-q2-update.win32_2.0.0.202105311346/tools/bin/../lib/gcc/arm-none-eabi/9.3.1/../../../../arm-none-eabi/lib/thumb/v7e-m+fp/hard\libc_nano.a
LOAD e:/program files/st/stm32cubeide_1.7.0/stm32cubeide/plugins/com.st.stm32cube.ide.mcu.externaltools.gnu-tools-for-stm32.9-2020-q2-update.win32_2.0.0.202105311346/tools/bin/../lib/gcc/arm-none-eabi/9.3.1/../../../../arm-none-eabi/lib/thumb/v7e-m+fp/hard\libnosys.a
END GROUP
START GROUP
LOAD e:/program files/st/stm32cubeide_1.7.0/stm32cubeide/plugins/com.st.stm32cube.ide.mcu.externaltools.gnu-tools-for-stm32.9-2020-q2-update.win32_2.0.0.202105311346/tools/bin/../lib/gcc/arm-none-eabi/9.3.1/thumb/v7e-m+fp/hard\libgcc.a
LOAD e:/program files/st/stm32cubeide_1.7.0/stm32cubeide/plugins/com.st.stm32cube.ide.mcu.externaltools.gnu-tools-for-stm32.9-2020-q2-update.win32_2.0.0.202105311346/tools/bin/../lib/gcc/arm-none-eabi/9.3.1/../../../../arm-none-eabi/lib/thumb/v7e-m+fp/hard\libc_nano.a
LOAD e:/program files/st/stm32cubeide_1.7.0/stm32cubeide/plugins/com.st.stm32cube.ide.mcu.externaltools.gnu-tools-for-stm32.9-2020-q2-update.win32_2.0.0.202105311346/tools/bin/../lib/gcc/arm-none-eabi/9.3.1/../../../../arm-none-eabi/lib/thumb/v7e-m+fp/hard\libnosys.a
END GROUP
LOAD e:/program files/st/stm32cubeide_1.7.0/stm32cubeide/plugins/com.st.stm32cube.ide.mcu.externaltools.gnu-tools-for-stm32.9-2020-q2-update.win32_2.0.0.202105311346/tools/bin/../lib/gcc/arm-none-eabi/9.3.1/thumb/v7e-m+fp/hard/crtend.o
LOAD e:/program files/st/stm32cubeide_1.7.0/stm32cubeide/plugins/com.st.stm32cube.ide.mcu.externaltools.gnu-tools-for-stm32.9-2020-q2-update.win32_2.0.0.202105311346/tools/bin/../lib/gcc/arm-none-eabi/9.3.1/thumb/v7e-m+fp/hard/crtn.o
                0x000000002000a000                _estack = (ORIGIN (RAM) + LENGTH (RAM))
                0x0000000000000200                _Min_Heap_Size = 0x200
                0x0000000000000400                _Min_Stack_Size = 0x400

.isr_vector     0x0000000008000000      0x188
                0x0000000008000000                . = ALIGN (0x4)
 *(.isr_vector)
 .isr_vector    0x0000000008000000      0x188 ./Core/Startup/startup_stm32f303vctx.o
                0x0000000008000000                g_pfnVectors
                0x0000000008000188                . = ALIGN (0x4)

.text           0x0000000008000190     0xaf00
                0x0000000008000190                . = ALIGN (0x4)
 *(.text)
 .text          0x0000000008000190       0x40 e:/program files/st/stm32cubeide_1.7.0/stm32cubeide/plugins/com.st.stm32cube.ide.mcu.externaltools.gnu-tools-for-stm32.9-2020-q2-update.win32_2.0.0.202105311346/tools/bin/../lib/gcc/arm-none-eabi/9.3.1/thumb/v7e-m+fp/hard/crtbegin.o
 .text          0x00000000080001d0       0x10 e:/program files/st/stm32cubeide_1.7.0/stm32cubeide/plugins/com.st.stm32cube.ide.mcu.externaltools.gnu-tools-for-stm32.9-2020-q2-update.win32_2.0.0.202105311346/tools/bin/../lib/gcc/arm-none-eabi/9.3.1/../../../../arm-none-eabi/lib/thumb/v7e-m+fp/hard\libc_nano.a(lib_a-strlen.o)
                0x00000000080001d0                strlen
 .text          0x00000000080001e0       0xa0 e:/program files/st/stm32cubeide_1.7.0/stm32cubeide/plugins/com.st.stm32cube.ide.mcu.externaltools.gnu-tools-for-stm32.9-2020-q2-update.win32_2.0.0.202105311346/tools/bin/../lib/gcc/arm-none-eabi/9.3.1/../../../../arm-none-eabi/lib/thumb/v7e-m+fp/hard\libc_nano.a(lib_a-memchr.o)
                0x00000000080001e0                memchr
 *(.text*)
 .text.LiquidCrystal
                0x0000000008000280       0x94 ./Core/Src/LiquidCrystal.o
                0x0000000008000280                LiquidCrystal
 .text.init     0x0000000008000314       0x9c ./Core/Src/LiquidCrystal.o
                0x0000000008000314                init
 .text.begin    0x00000000080003b0      0x220 ./Core/Src/LiquidCrystal.o
                0x00000000080003b0                begin
 .text.enableClock
                0x00000000080005d0      0x128 ./Core/Src/LiquidCrystal.o
                0x00000000080005d0                enableClock
 .text.setRowOffsets
                0x00000000080006f8       0x40 ./Core/Src/LiquidCrystal.o
                0x00000000080006f8                setRowOffsets
 .text.clear    0x0000000008000738       0x14 ./Core/Src/LiquidCrystal.o
                0x0000000008000738                clear
 .text.setCursor
                0x000000000800074c       0x64 ./Core/Src/LiquidCrystal.o
                0x000000000800074c                setCursor
 .text.display  0x00000000080007b0       0x2c ./Core/Src/LiquidCrystal.o
                0x00000000080007b0                display
 .text.print    0x00000000080007dc       0x56 ./Core/Src/LiquidCrystal.o
                0x00000000080007dc                print
 .text.createChar
                0x0000000008000832       0x52 ./Core/Src/LiquidCrystal.o
                0x0000000008000832                createChar
 .text.command  0x0000000008000884       0x1c ./Core/Src/LiquidCrystal.o
                0x0000000008000884                command
 .text.write    0x00000000080008a0       0x1e ./Core/Src/LiquidCrystal.o
                0x00000000080008a0                write
 *fill*         0x00000000080008be        0x2 
 .text.send     0x00000000080008c0       0x7c ./Core/Src/LiquidCrystal.o
                0x00000000080008c0                send
 .text.pulseEnable
                0x000000000800093c       0x54 ./Core/Src/LiquidCrystal.o
                0x000000000800093c                pulseEnable
 .text.write4bits
                0x0000000008000990       0x54 ./Core/Src/LiquidCrystal.o
                0x0000000008000990                write4bits
 .text.write8bits
                0x00000000080009e4       0x54 ./Core/Src/LiquidCrystal.o
                0x00000000080009e4                write8bits
 .text.main     0x0000000008000a38      0x194 ./Core/Src/main.o
                0x0000000008000a38                main
 .text.SystemClock_Config
                0x0000000008000bcc       0xd8 ./Core/Src/main.o
                0x0000000008000bcc                SystemClock_Config
 .text.MX_ADC1_Init
                0x0000000008000ca4       0xe0 ./Core/Src/main.o
 .text.MX_I2C1_Init
                0x0000000008000d84       0x80 ./Core/Src/main.o
 .text.MX_RTC_Init
                0x0000000008000e04       0xb4 ./Core/Src/main.o
 .text.MX_SPI1_Init
                0x0000000008000eb8       0x7c ./Core/Src/main.o
 .text.MX_TIM1_Init
                0x0000000008000f34      0x168 ./Core/Src/main.o
 .text.MX_TIM2_Init
                0x000000000800109c       0x9c ./Core/Src/main.o
 .text.MX_TIM3_Init
                0x0000000008001138       0xa0 ./Core/Src/main.o
 .text.MX_USART1_UART_Init
                0x00000000080011d8       0x60 ./Core/Src/main.o
 .text.MX_USB_PCD_Init
                0x0000000008001238       0x44 ./Core/Src/main.o
 .text.MX_GPIO_Init
                0x000000000800127c      0x1c8 ./Core/Src/main.o
 .text.Error_Handler
                0x0000000008001444        0xa ./Core/Src/main.o
                0x0000000008001444                Error_Handler
 *fill*         0x000000000800144e        0x2 
 .text.HAL_MspInit
                0x0000000008001450       0x48 ./Core/Src/stm32f3xx_hal_msp.o
                0x0000000008001450                HAL_MspInit
 .text.HAL_ADC_MspInit
                0x0000000008001498       0x88 ./Core/Src/stm32f3xx_hal_msp.o
                0x0000000008001498                HAL_ADC_MspInit
 .text.HAL_I2C_MspInit
                0x0000000008001520       0x88 ./Core/Src/stm32f3xx_hal_msp.o
                0x0000000008001520                HAL_I2C_MspInit
 .text.HAL_RTC_MspInit
                0x00000000080015a8       0x4c ./Core/Src/stm32f3xx_hal_msp.o
                0x00000000080015a8                HAL_RTC_MspInit
 .text.HAL_SPI_MspInit
                0x00000000080015f4       0x84 ./Core/Src/stm32f3xx_hal_msp.o
                0x00000000080015f4                HAL_SPI_MspInit
 .text.HAL_TIM_PWM_MspInit
                0x0000000008001678       0x40 ./Core/Src/stm32f3xx_hal_msp.o
                0x0000000008001678                HAL_TIM_PWM_MspInit
 .text.HAL_TIM_Base_MspInit
                0x00000000080016b8       0x80 ./Core/Src/stm32f3xx_hal_msp.o
                0x00000000080016b8                HAL_TIM_Base_MspInit
 .text.HAL_TIM_MspPostInit
                0x0000000008001738       0xac ./Core/Src/stm32f3xx_hal_msp.o
                0x0000000008001738                HAL_TIM_MspPostInit
 .text.HAL_UART_MspInit
                0x00000000080017e4       0x98 ./Core/Src/stm32f3xx_hal_msp.o
                0x00000000080017e4                HAL_UART_MspInit
 .text.HAL_PCD_MspInit
                0x000000000800187c       0x88 ./Core/Src/stm32f3xx_hal_msp.o
                0x000000000800187c                HAL_PCD_MspInit
 .text.numberToBCD
                0x0000000008001904       0x94 ./Core/Src/stm32f3xx_it.o
                0x0000000008001904                numberToBCD
 .text.PWM_Start
                0x0000000008001998       0x14 ./Core/Src/stm32f3xx_it.o
                0x0000000008001998                PWM_Start
 .text.PWM_Change_Tone
                0x00000000080019ac       0x9c ./Core/Src/stm32f3xx_it.o
                0x00000000080019ac                PWM_Change_Tone
 .text.Change_Melody
                0x0000000008001a48       0x38 ./Core/Src/stm32f3xx_it.o
                0x0000000008001a48                Change_Melody
 .text.Update_Melody
                0x0000000008001a80       0x8c ./Core/Src/stm32f3xx_it.o
                0x0000000008001a80                Update_Melody
 .text.NMI_Handler
                0x0000000008001b0c        0x6 ./Core/Src/stm32f3xx_it.o
                0x0000000008001b0c                NMI_Handler
 .text.HardFault_Handler
                0x0000000008001b12        0x6 ./Core/Src/stm32f3xx_it.o
                0x0000000008001b12                HardFault_Handler
 .text.MemManage_Handler
                0x0000000008001b18        0x6 ./Core/Src/stm32f3xx_it.o
                0x0000000008001b18                MemManage_Handler
 .text.BusFault_Handler
                0x0000000008001b1e        0x6 ./Core/Src/stm32f3xx_it.o
                0x0000000008001b1e                BusFault_Handler
 .text.UsageFault_Handler
                0x0000000008001b24        0x6 ./Core/Src/stm32f3xx_it.o
                0x0000000008001b24                UsageFault_Handler
 .text.SVC_Handler
                0x0000000008001b2a        0xe ./Core/Src/stm32f3xx_it.o
                0x0000000008001b2a                SVC_Handler
 .text.DebugMon_Handler
                0x0000000008001b38        0xe ./Core/Src/stm32f3xx_it.o
                0x0000000008001b38                DebugMon_Handler
 .text.PendSV_Handler
                0x0000000008001b46        0xe ./Core/Src/stm32f3xx_it.o
                0x0000000008001b46                PendSV_Handler
 .text.SysTick_Handler
                0x0000000008001b54       0x1c ./Core/Src/stm32f3xx_it.o
                0x0000000008001b54                SysTick_Handler
 .text.EXTI0_IRQHandler
                0x0000000008001b70       0x34 ./Core/Src/stm32f3xx_it.o
                0x0000000008001b70                EXTI0_IRQHandler
 .text.EXTI3_IRQHandler
                0x0000000008001ba4      0x5b4 ./Core/Src/stm32f3xx_it.o
                0x0000000008001ba4                EXTI3_IRQHandler
 .text.ADC1_2_IRQHandler
                0x0000000008002158       0x44 ./Core/Src/stm32f3xx_it.o
                0x0000000008002158                ADC1_2_IRQHandler
 .text.TIM2_IRQHandler
                0x000000000800219c      0x198 ./Core/Src/stm32f3xx_it.o
                0x000000000800219c                TIM2_IRQHandler
 .text.TIM3_IRQHandler
                0x0000000008002334      0xba0 ./Core/Src/stm32f3xx_it.o
                0x0000000008002334                TIM3_IRQHandler
 .text.USART1_IRQHandler
                0x0000000008002ed4       0xd8 ./Core/Src/stm32f3xx_it.o
                0x0000000008002ed4                USART1_IRQHandler
 .text._getpid  0x0000000008002fac       0x10 ./Core/Src/syscalls.o
                0x0000000008002fac                _getpid
 .text._kill    0x0000000008002fbc       0x20 ./Core/Src/syscalls.o
                0x0000000008002fbc                _kill
 .text._exit    0x0000000008002fdc       0x14 ./Core/Src/syscalls.o
                0x0000000008002fdc                _exit
 .text._read    0x0000000008002ff0       0x3a ./Core/Src/syscalls.o
                0x0000000008002ff0                _read
 .text._write   0x000000000800302a       0x38 ./Core/Src/syscalls.o
                0x000000000800302a                _write
 .text._close   0x0000000008003062       0x18 ./Core/Src/syscalls.o
                0x0000000008003062                _close
 .text._fstat   0x000000000800307a       0x20 ./Core/Src/syscalls.o
                0x000000000800307a                _fstat
 .text._isatty  0x000000000800309a       0x16 ./Core/Src/syscalls.o
                0x000000000800309a                _isatty
 .text._lseek   0x00000000080030b0       0x1a ./Core/Src/syscalls.o
                0x00000000080030b0                _lseek
 *fill*         0x00000000080030ca        0x2 
 .text._sbrk    0x00000000080030cc       0x6c ./Core/Src/sysmem.o
                0x00000000080030cc                _sbrk
 .text.SystemInit
                0x0000000008003138       0x24 ./Core/Src/system_stm32f3xx.o
                0x0000000008003138                SystemInit
 .text.Reset_Handler
                0x000000000800315c       0x50 ./Core/Startup/startup_stm32f303vctx.o
                0x000000000800315c                Reset_Handler
 .text.Default_Handler
                0x00000000080031ac        0x2 ./Core/Startup/startup_stm32f303vctx.o
                0x00000000080031ac                RTC_Alarm_IRQHandler
                0x00000000080031ac                TIM8_TRG_COM_IRQHandler
                0x00000000080031ac                TIM8_CC_IRQHandler
                0x00000000080031ac                TIM1_CC_IRQHandler
                0x00000000080031ac                USB_HP_IRQHandler
                0x00000000080031ac                PVD_IRQHandler
                0x00000000080031ac                TAMP_STAMP_IRQHandler
                0x00000000080031ac                USB_HP_CAN_TX_IRQHandler
                0x00000000080031ac                I2C2_EV_IRQHandler
                0x00000000080031ac                FPU_IRQHandler
                0x00000000080031ac                TIM1_UP_TIM16_IRQHandler
                0x00000000080031ac                SPI1_IRQHandler
                0x00000000080031ac                CAN_SCE_IRQHandler
                0x00000000080031ac                TIM6_DAC_IRQHandler
                0x00000000080031ac                TIM8_UP_IRQHandler
                0x00000000080031ac                DMA2_Channel2_IRQHandler
                0x00000000080031ac                DMA1_Channel4_IRQHandler
                0x00000000080031ac                USART3_IRQHandler
                0x00000000080031ac                DMA1_Channel7_IRQHandler
                0x00000000080031ac                UART5_IRQHandler
                0x00000000080031ac                ADC3_IRQHandler
                0x00000000080031ac                TIM4_IRQHandler
                0x00000000080031ac                CAN_RX1_IRQHandler
                0x00000000080031ac                DMA2_Channel1_IRQHandler
                0x00000000080031ac                I2C1_EV_IRQHandler
                0x00000000080031ac                DMA1_Channel6_IRQHandler
                0x00000000080031ac                UART4_IRQHandler
                0x00000000080031ac                DMA2_Channel4_IRQHandler
                0x00000000080031ac                RCC_IRQHandler
                0x00000000080031ac                DMA1_Channel1_IRQHandler
                0x00000000080031ac                Default_Handler
                0x00000000080031ac                USBWakeUp_RMP_IRQHandler
                0x00000000080031ac                EXTI15_10_IRQHandler
                0x00000000080031ac                TIM7_IRQHandler
                0x00000000080031ac                EXTI9_5_IRQHandler
                0x00000000080031ac                RTC_WKUP_IRQHandler
                0x00000000080031ac                SPI2_IRQHandler
                0x00000000080031ac                USB_LP_CAN_RX0_IRQHandler
                0x00000000080031ac                DMA2_Channel5_IRQHandler
                0x00000000080031ac                DMA1_Channel5_IRQHandler
                0x00000000080031ac                USB_LP_IRQHandler
                0x00000000080031ac                EXTI4_IRQHandler
                0x00000000080031ac                TIM1_TRG_COM_TIM17_IRQHandler
                0x00000000080031ac                DMA1_Channel3_IRQHandler
                0x00000000080031ac                ADC4_IRQHandler
                0x00000000080031ac                WWDG_IRQHandler
                0x00000000080031ac                COMP7_IRQHandler
                0x00000000080031ac                COMP1_2_3_IRQHandler
                0x00000000080031ac                EXTI1_IRQHandler
                0x00000000080031ac                USART2_IRQHandler
                0x00000000080031ac                COMP4_5_6_IRQHandler
                0x00000000080031ac                I2C2_ER_IRQHandler
                0x00000000080031ac                DMA1_Channel2_IRQHandler
                0x00000000080031ac                TIM8_BRK_IRQHandler
                0x00000000080031ac                FLASH_IRQHandler
                0x00000000080031ac                SPI3_IRQHandler
                0x00000000080031ac                I2C1_ER_IRQHandler
                0x00000000080031ac                USBWakeUp_IRQHandler
                0x00000000080031ac                DMA2_Channel3_IRQHandler
                0x00000000080031ac                EXTI2_TSC_IRQHandler
                0x00000000080031ac                TIM1_BRK_TIM15_IRQHandler
 *fill*         0x00000000080031ae        0x2 
 .text.HAL_Init
                0x00000000080031b0       0x2c ./Drivers/STM32F3xx_HAL_Driver/Src/stm32f3xx_hal.o
                0x00000000080031b0                HAL_Init
 .text.HAL_InitTick
                0x00000000080031dc       0x60 ./Drivers/STM32F3xx_HAL_Driver/Src/stm32f3xx_hal.o
                0x00000000080031dc                HAL_InitTick
 .text.HAL_IncTick
                0x000000000800323c       0x28 ./Drivers/STM32F3xx_HAL_Driver/Src/stm32f3xx_hal.o
                0x000000000800323c                HAL_IncTick
 .text.HAL_GetTick
                0x0000000008003264       0x18 ./Drivers/STM32F3xx_HAL_Driver/Src/stm32f3xx_hal.o
                0x0000000008003264                HAL_GetTick
 .text.HAL_Delay
                0x000000000800327c       0x48 ./Drivers/STM32F3xx_HAL_Driver/Src/stm32f3xx_hal.o
                0x000000000800327c                HAL_Delay
 .text.HAL_ADC_ConvCpltCallback
                0x00000000080032c4       0x14 ./Drivers/STM32F3xx_HAL_Driver/Src/stm32f3xx_hal_adc.o
                0x00000000080032c4                HAL_ADC_ConvCpltCallback
 .text.HAL_ADC_LevelOutOfWindowCallback
                0x00000000080032d8       0x14 ./Drivers/STM32F3xx_HAL_Driver/Src/stm32f3xx_hal_adc.o
                0x00000000080032d8                HAL_ADC_LevelOutOfWindowCallback
 .text.HAL_ADC_ErrorCallback
                0x00000000080032ec       0x14 ./Drivers/STM32F3xx_HAL_Driver/Src/stm32f3xx_hal_adc.o
                0x00000000080032ec                HAL_ADC_ErrorCallback
 .text.HAL_ADC_Init
                0x0000000008003300      0x3c0 ./Drivers/STM32F3xx_HAL_Driver/Src/stm32f3xx_hal_adc_ex.o
                0x0000000008003300                HAL_ADC_Init
 .text.HAL_ADC_Start_IT
                0x00000000080036c0      0x280 ./Drivers/STM32F3xx_HAL_Driver/Src/stm32f3xx_hal_adc_ex.o
                0x00000000080036c0                HAL_ADC_Start_IT
 .text.HAL_ADC_GetValue
                0x0000000008003940       0x1a ./Drivers/STM32F3xx_HAL_Driver/Src/stm32f3xx_hal_adc_ex.o
                0x0000000008003940                HAL_ADC_GetValue
 *fill*         0x000000000800395a        0x2 
 .text.HAL_ADC_IRQHandler
                0x000000000800395c      0x618 ./Drivers/STM32F3xx_HAL_Driver/Src/stm32f3xx_hal_adc_ex.o
                0x000000000800395c                HAL_ADC_IRQHandler
 .text.HAL_ADCEx_InjectedConvCpltCallback
                0x0000000008003f74       0x14 ./Drivers/STM32F3xx_HAL_Driver/Src/stm32f3xx_hal_adc_ex.o
                0x0000000008003f74                HAL_ADCEx_InjectedConvCpltCallback
 .text.HAL_ADCEx_InjectedQueueOverflowCallback
                0x0000000008003f88       0x14 ./Drivers/STM32F3xx_HAL_Driver/Src/stm32f3xx_hal_adc_ex.o
                0x0000000008003f88                HAL_ADCEx_InjectedQueueOverflowCallback
 .text.HAL_ADCEx_LevelOutOfWindow2Callback
                0x0000000008003f9c       0x14 ./Drivers/STM32F3xx_HAL_Driver/Src/stm32f3xx_hal_adc_ex.o
                0x0000000008003f9c                HAL_ADCEx_LevelOutOfWindow2Callback
 .text.HAL_ADCEx_LevelOutOfWindow3Callback
                0x0000000008003fb0       0x14 ./Drivers/STM32F3xx_HAL_Driver/Src/stm32f3xx_hal_adc_ex.o
                0x0000000008003fb0                HAL_ADCEx_LevelOutOfWindow3Callback
 .text.HAL_ADC_ConfigChannel
                0x0000000008003fc4      0x5d8 ./Drivers/STM32F3xx_HAL_Driver/Src/stm32f3xx_hal_adc_ex.o
                0x0000000008003fc4                HAL_ADC_ConfigChannel
 .text.HAL_ADCEx_MultiModeConfigChannel
                0x000000000800459c      0x1e4 ./Drivers/STM32F3xx_HAL_Driver/Src/stm32f3xx_hal_adc_ex.o
                0x000000000800459c                HAL_ADCEx_MultiModeConfigChannel
 .text.ADC_Enable
                0x0000000008004780       0xc8 ./Drivers/STM32F3xx_HAL_Driver/Src/stm32f3xx_hal_adc_ex.o
 .text.ADC_Disable
                0x0000000008004848       0xcc ./Drivers/STM32F3xx_HAL_Driver/Src/stm32f3xx_hal_adc_ex.o
 .text.__NVIC_SetPriorityGrouping
                0x0000000008004914       0x48 ./Drivers/STM32F3xx_HAL_Driver/Src/stm32f3xx_hal_cortex.o
 .text.__NVIC_GetPriorityGrouping
                0x000000000800495c       0x1c ./Drivers/STM32F3xx_HAL_Driver/Src/stm32f3xx_hal_cortex.o
 .text.__NVIC_EnableIRQ
                0x0000000008004978       0x3c ./Drivers/STM32F3xx_HAL_Driver/Src/stm32f3xx_hal_cortex.o
 .text.__NVIC_SetPriority
                0x00000000080049b4       0x54 ./Drivers/STM32F3xx_HAL_Driver/Src/stm32f3xx_hal_cortex.o
 .text.NVIC_EncodePriority
                0x0000000008004a08       0x66 ./Drivers/STM32F3xx_HAL_Driver/Src/stm32f3xx_hal_cortex.o
 *fill*         0x0000000008004a6e        0x2 
 .text.SysTick_Config
                0x0000000008004a70       0x44 ./Drivers/STM32F3xx_HAL_Driver/Src/stm32f3xx_hal_cortex.o
 .text.HAL_NVIC_SetPriorityGrouping
                0x0000000008004ab4       0x16 ./Drivers/STM32F3xx_HAL_Driver/Src/stm32f3xx_hal_cortex.o
                0x0000000008004ab4                HAL_NVIC_SetPriorityGrouping
 .text.HAL_NVIC_SetPriority
                0x0000000008004aca       0x38 ./Drivers/STM32F3xx_HAL_Driver/Src/stm32f3xx_hal_cortex.o
                0x0000000008004aca                HAL_NVIC_SetPriority
 .text.HAL_NVIC_EnableIRQ
                0x0000000008004b02       0x1c ./Drivers/STM32F3xx_HAL_Driver/Src/stm32f3xx_hal_cortex.o
                0x0000000008004b02                HAL_NVIC_EnableIRQ
 .text.HAL_SYSTICK_Config
                0x0000000008004b1e       0x18 ./Drivers/STM32F3xx_HAL_Driver/Src/stm32f3xx_hal_cortex.o
                0x0000000008004b1e                HAL_SYSTICK_Config
 .text.HAL_DMA_Abort
                0x0000000008004b36       0x72 ./Drivers/STM32F3xx_HAL_Driver/Src/stm32f3xx_hal_dma.o
                0x0000000008004b36                HAL_DMA_Abort
 .text.HAL_DMA_Abort_IT
                0x0000000008004ba8       0x7c ./Drivers/STM32F3xx_HAL_Driver/Src/stm32f3xx_hal_dma.o
                0x0000000008004ba8                HAL_DMA_Abort_IT
 .text.HAL_GPIO_Init
                0x0000000008004c24      0x2f4 ./Drivers/STM32F3xx_HAL_Driver/Src/stm32f3xx_hal_gpio.o
                0x0000000008004c24                HAL_GPIO_Init
 .text.HAL_GPIO_ReadPin
                0x0000000008004f18       0x30 ./Drivers/STM32F3xx_HAL_Driver/Src/stm32f3xx_hal_gpio.o
                0x0000000008004f18                HAL_GPIO_ReadPin
 .text.HAL_GPIO_WritePin
                0x0000000008004f48       0x30 ./Drivers/STM32F3xx_HAL_Driver/Src/stm32f3xx_hal_gpio.o
                0x0000000008004f48                HAL_GPIO_WritePin
 .text.HAL_GPIO_EXTI_IRQHandler
                0x0000000008004f78       0x30 ./Drivers/STM32F3xx_HAL_Driver/Src/stm32f3xx_hal_gpio.o
                0x0000000008004f78                HAL_GPIO_EXTI_IRQHandler
 .text.HAL_GPIO_EXTI_Callback
                0x0000000008004fa8       0x16 ./Drivers/STM32F3xx_HAL_Driver/Src/stm32f3xx_hal_gpio.o
                0x0000000008004fa8                HAL_GPIO_EXTI_Callback
 .text.HAL_I2C_Init
                0x0000000008004fbe      0x11e ./Drivers/STM32F3xx_HAL_Driver/Src/stm32f3xx_hal_i2c.o
                0x0000000008004fbe                HAL_I2C_Init
 .text.HAL_I2CEx_ConfigAnalogFilter
                0x00000000080050dc       0x96 ./Drivers/STM32F3xx_HAL_Driver/Src/stm32f3xx_hal_i2c_ex.o
                0x00000000080050dc                HAL_I2CEx_ConfigAnalogFilter
 .text.HAL_I2CEx_ConfigDigitalFilter
                0x0000000008005172       0x98 ./Drivers/STM32F3xx_HAL_Driver/Src/stm32f3xx_hal_i2c_ex.o
                0x0000000008005172                HAL_I2CEx_ConfigDigitalFilter
 .text.HAL_PCD_Init
                0x000000000800520a      0x1bc ./Drivers/STM32F3xx_HAL_Driver/Src/stm32f3xx_hal_pcd.o
                0x000000000800520a                HAL_PCD_Init
 *fill*         0x00000000080053c6        0x2 
 .text.HAL_RCC_OscConfig
                0x00000000080053c8      0xe10 ./Drivers/STM32F3xx_HAL_Driver/Src/stm32f3xx_hal_rcc.o
                0x00000000080053c8                HAL_RCC_OscConfig
 .text.HAL_RCC_ClockConfig
                0x00000000080061d8      0x2f8 ./Drivers/STM32F3xx_HAL_Driver/Src/stm32f3xx_hal_rcc.o
                0x00000000080061d8                HAL_RCC_ClockConfig
 .text.HAL_RCC_GetSysClockFreq
                0x00000000080064d0       0xd4 ./Drivers/STM32F3xx_HAL_Driver/Src/stm32f3xx_hal_rcc.o
                0x00000000080064d0                HAL_RCC_GetSysClockFreq
 .text.HAL_RCC_GetHCLKFreq
                0x00000000080065a4       0x18 ./Drivers/STM32F3xx_HAL_Driver/Src/stm32f3xx_hal_rcc.o
                0x00000000080065a4                HAL_RCC_GetHCLKFreq
 .text.HAL_RCC_GetPCLK1Freq
                0x00000000080065bc       0x44 ./Drivers/STM32F3xx_HAL_Driver/Src/stm32f3xx_hal_rcc.o
                0x00000000080065bc                HAL_RCC_GetPCLK1Freq
 .text.HAL_RCC_GetPCLK2Freq
                0x0000000008006600       0x44 ./Drivers/STM32F3xx_HAL_Driver/Src/stm32f3xx_hal_rcc.o
                0x0000000008006600                HAL_RCC_GetPCLK2Freq
 .text.HAL_RCCEx_PeriphCLKConfig
                0x0000000008006644      0x360 ./Drivers/STM32F3xx_HAL_Driver/Src/stm32f3xx_hal_rcc_ex.o
                0x0000000008006644                HAL_RCCEx_PeriphCLKConfig
 .text.HAL_RTC_Init
                0x00000000080069a4      0x122 ./Drivers/STM32F3xx_HAL_Driver/Src/stm32f3xx_hal_rtc.o
                0x00000000080069a4                HAL_RTC_Init
 .text.HAL_RTC_SetTime
                0x0000000008006ac6      0x17a ./Drivers/STM32F3xx_HAL_Driver/Src/stm32f3xx_hal_rtc.o
                0x0000000008006ac6                HAL_RTC_SetTime
 .text.HAL_RTC_GetTime
                0x0000000008006c40       0xbc ./Drivers/STM32F3xx_HAL_Driver/Src/stm32f3xx_hal_rtc.o
                0x0000000008006c40                HAL_RTC_GetTime
 .text.HAL_RTC_SetDate
                0x0000000008006cfc      0x14e ./Drivers/STM32F3xx_HAL_Driver/Src/stm32f3xx_hal_rtc.o
                0x0000000008006cfc                HAL_RTC_SetDate
 .text.HAL_RTC_GetDate
                0x0000000008006e4a       0x9e ./Drivers/STM32F3xx_HAL_Driver/Src/stm32f3xx_hal_rtc.o
                0x0000000008006e4a                HAL_RTC_GetDate
 .text.HAL_RTC_WaitForSynchro
                0x0000000008006ee8       0x50 ./Drivers/STM32F3xx_HAL_Driver/Src/stm32f3xx_hal_rtc.o
                0x0000000008006ee8                HAL_RTC_WaitForSynchro
 .text.RTC_EnterInitMode
                0x0000000008006f38       0x58 ./Drivers/STM32F3xx_HAL_Driver/Src/stm32f3xx_hal_rtc.o
                0x0000000008006f38                RTC_EnterInitMode
 .text.RTC_ByteToBcd2
                0x0000000008006f90       0x3c ./Drivers/STM32F3xx_HAL_Driver/Src/stm32f3xx_hal_rtc.o
                0x0000000008006f90                RTC_ByteToBcd2
 .text.RTC_Bcd2ToByte
                0x0000000008006fcc       0x3c ./Drivers/STM32F3xx_HAL_Driver/Src/stm32f3xx_hal_rtc.o
                0x0000000008006fcc                RTC_Bcd2ToByte
 .text.HAL_SPI_Init
                0x0000000008007008      0x156 ./Drivers/STM32F3xx_HAL_Driver/Src/stm32f3xx_hal_spi.o
                0x0000000008007008                HAL_SPI_Init
 .text.HAL_TIM_Base_Init
                0x000000000800715e       0xae ./Drivers/STM32F3xx_HAL_Driver/Src/stm32f3xx_hal_tim.o
                0x000000000800715e                HAL_TIM_Base_Init
 .text.HAL_TIM_Base_Start_IT
                0x000000000800720c       0xd4 ./Drivers/STM32F3xx_HAL_Driver/Src/stm32f3xx_hal_tim.o
                0x000000000800720c                HAL_TIM_Base_Start_IT
 .text.HAL_TIM_PWM_Init
                0x00000000080072e0       0xae ./Drivers/STM32F3xx_HAL_Driver/Src/stm32f3xx_hal_tim.o
                0x00000000080072e0                HAL_TIM_PWM_Init
 *fill*         0x000000000800738e        0x2 
 .text.HAL_TIM_PWM_Start
                0x0000000008007390      0x200 ./Drivers/STM32F3xx_HAL_Driver/Src/stm32f3xx_hal_tim.o
                0x0000000008007390                HAL_TIM_PWM_Start
 .text.HAL_TIM_IRQHandler
                0x0000000008007590      0x23e ./Drivers/STM32F3xx_HAL_Driver/Src/stm32f3xx_hal_tim.o
                0x0000000008007590                HAL_TIM_IRQHandler
 *fill*         0x00000000080077ce        0x2 
 .text.HAL_TIM_PWM_ConfigChannel
                0x00000000080077d0      0x228 ./Drivers/STM32F3xx_HAL_Driver/Src/stm32f3xx_hal_tim.o
                0x00000000080077d0                HAL_TIM_PWM_ConfigChannel
 .text.HAL_TIM_ConfigClockSource
                0x00000000080079f8      0x192 ./Drivers/STM32F3xx_HAL_Driver/Src/stm32f3xx_hal_tim.o
                0x00000000080079f8                HAL_TIM_ConfigClockSource
 .text.HAL_TIM_PeriodElapsedCallback
                0x0000000008007b8a       0x14 ./Drivers/STM32F3xx_HAL_Driver/Src/stm32f3xx_hal_tim.o
                0x0000000008007b8a                HAL_TIM_PeriodElapsedCallback
 .text.HAL_TIM_OC_DelayElapsedCallback
                0x0000000008007b9e       0x14 ./Drivers/STM32F3xx_HAL_Driver/Src/stm32f3xx_hal_tim.o
                0x0000000008007b9e                HAL_TIM_OC_DelayElapsedCallback
 .text.HAL_TIM_IC_CaptureCallback
                0x0000000008007bb2       0x14 ./Drivers/STM32F3xx_HAL_Driver/Src/stm32f3xx_hal_tim.o
                0x0000000008007bb2                HAL_TIM_IC_CaptureCallback
 .text.HAL_TIM_PWM_PulseFinishedCallback
                0x0000000008007bc6       0x14 ./Drivers/STM32F3xx_HAL_Driver/Src/stm32f3xx_hal_tim.o
                0x0000000008007bc6                HAL_TIM_PWM_PulseFinishedCallback
 .text.HAL_TIM_TriggerCallback
                0x0000000008007bda       0x14 ./Drivers/STM32F3xx_HAL_Driver/Src/stm32f3xx_hal_tim.o
                0x0000000008007bda                HAL_TIM_TriggerCallback
 *fill*         0x0000000008007bee        0x2 
 .text.TIM_Base_SetConfig
                0x0000000008007bf0      0x120 ./Drivers/STM32F3xx_HAL_Driver/Src/stm32f3xx_hal_tim.o
                0x0000000008007bf0                TIM_Base_SetConfig
 .text.TIM_OC1_SetConfig
                0x0000000008007d10      0x120 ./Drivers/STM32F3xx_HAL_Driver/Src/stm32f3xx_hal_tim.o
 .text.TIM_OC2_SetConfig
                0x0000000008007e30      0x114 ./Drivers/STM32F3xx_HAL_Driver/Src/stm32f3xx_hal_tim.o
                0x0000000008007e30                TIM_OC2_SetConfig
 .text.TIM_OC3_SetConfig
                0x0000000008007f44      0x110 ./Drivers/STM32F3xx_HAL_Driver/Src/stm32f3xx_hal_tim.o
 .text.TIM_OC4_SetConfig
                0x0000000008008054       0xd4 ./Drivers/STM32F3xx_HAL_Driver/Src/stm32f3xx_hal_tim.o
 .text.TIM_OC5_SetConfig
                0x0000000008008128       0xc8 ./Drivers/STM32F3xx_HAL_Driver/Src/stm32f3xx_hal_tim.o
 .text.TIM_OC6_SetConfig
                0x00000000080081f0       0xcc ./Drivers/STM32F3xx_HAL_Driver/Src/stm32f3xx_hal_tim.o
 .text.TIM_TI1_ConfigInputStage
                0x00000000080082bc       0x5e ./Drivers/STM32F3xx_HAL_Driver/Src/stm32f3xx_hal_tim.o
 .text.TIM_TI2_ConfigInputStage
                0x000000000800831a       0x60 ./Drivers/STM32F3xx_HAL_Driver/Src/stm32f3xx_hal_tim.o
 .text.TIM_ITRx_SetConfig
                0x000000000800837a       0x36 ./Drivers/STM32F3xx_HAL_Driver/Src/stm32f3xx_hal_tim.o
 .text.TIM_ETR_SetConfig
                0x00000000080083b0       0x40 ./Drivers/STM32F3xx_HAL_Driver/Src/stm32f3xx_hal_tim.o
                0x00000000080083b0                TIM_ETR_SetConfig
 .text.TIM_CCxChannelCmd
                0x00000000080083f0       0x4a ./Drivers/STM32F3xx_HAL_Driver/Src/stm32f3xx_hal_tim.o
                0x00000000080083f0                TIM_CCxChannelCmd
 *fill*         0x000000000800843a        0x2 
 .text.HAL_TIMEx_MasterConfigSynchronization
                0x000000000800843c      0x100 ./Drivers/STM32F3xx_HAL_Driver/Src/stm32f3xx_hal_tim_ex.o
                0x000000000800843c                HAL_TIMEx_MasterConfigSynchronization
 .text.HAL_TIMEx_ConfigBreakDeadTime
                0x000000000800853c       0xfc ./Drivers/STM32F3xx_HAL_Driver/Src/stm32f3xx_hal_tim_ex.o
                0x000000000800853c                HAL_TIMEx_ConfigBreakDeadTime
 .text.HAL_TIMEx_CommutCallback
                0x0000000008008638       0x14 ./Drivers/STM32F3xx_HAL_Driver/Src/stm32f3xx_hal_tim_ex.o
                0x0000000008008638                HAL_TIMEx_CommutCallback
 .text.HAL_TIMEx_BreakCallback
                0x000000000800864c       0x14 ./Drivers/STM32F3xx_HAL_Driver/Src/stm32f3xx_hal_tim_ex.o
                0x000000000800864c                HAL_TIMEx_BreakCallback
 .text.HAL_TIMEx_Break2Callback
                0x0000000008008660       0x14 ./Drivers/STM32F3xx_HAL_Driver/Src/stm32f3xx_hal_tim_ex.o
                0x0000000008008660                HAL_TIMEx_Break2Callback
 .text.HAL_UART_Init
                0x0000000008008674       0x9c ./Drivers/STM32F3xx_HAL_Driver/Src/stm32f3xx_hal_uart.o
                0x0000000008008674                HAL_UART_Init
 .text.HAL_UART_Transmit
                0x0000000008008710      0x128 ./Drivers/STM32F3xx_HAL_Driver/Src/stm32f3xx_hal_uart.o
                0x0000000008008710                HAL_UART_Transmit
 .text.HAL_UART_Receive_IT
                0x0000000008008838       0x9c ./Drivers/STM32F3xx_HAL_Driver/Src/stm32f3xx_hal_uart.o
                0x0000000008008838                HAL_UART_Receive_IT
 .text.HAL_UART_IRQHandler
                0x00000000080088d4      0x5bc ./Drivers/STM32F3xx_HAL_Driver/Src/stm32f3xx_hal_uart.o
                0x00000000080088d4                HAL_UART_IRQHandler
 .text.HAL_UART_TxCpltCallback
                0x0000000008008e90       0x14 ./Drivers/STM32F3xx_HAL_Driver/Src/stm32f3xx_hal_uart.o
                0x0000000008008e90                HAL_UART_TxCpltCallback
 .text.HAL_UART_RxCpltCallback
                0x0000000008008ea4       0x14 ./Drivers/STM32F3xx_HAL_Driver/Src/stm32f3xx_hal_uart.o
                0x0000000008008ea4                HAL_UART_RxCpltCallback
 .text.HAL_UART_ErrorCallback
                0x0000000008008eb8       0x14 ./Drivers/STM32F3xx_HAL_Driver/Src/stm32f3xx_hal_uart.o
                0x0000000008008eb8                HAL_UART_ErrorCallback
 .text.HAL_UARTEx_RxEventCallback
                0x0000000008008ecc       0x18 ./Drivers/STM32F3xx_HAL_Driver/Src/stm32f3xx_hal_uart.o
                0x0000000008008ecc                HAL_UARTEx_RxEventCallback
 .text.UART_SetConfig
                0x0000000008008ee4      0x3a8 ./Drivers/STM32F3xx_HAL_Driver/Src/stm32f3xx_hal_uart.o
                0x0000000008008ee4                UART_SetConfig
 .text.UART_AdvFeatureConfig
                0x000000000800928c      0x144 ./Drivers/STM32F3xx_HAL_Driver/Src/stm32f3xx_hal_uart.o
                0x000000000800928c                UART_AdvFeatureConfig
 .text.UART_CheckIdleState
                0x00000000080093d0       0x92 ./Drivers/STM32F3xx_HAL_Driver/Src/stm32f3xx_hal_uart.o
                0x00000000080093d0                UART_CheckIdleState
 .text.UART_WaitOnFlagUntilTimeout
                0x0000000008009462      0x188 ./Drivers/STM32F3xx_HAL_Driver/Src/stm32f3xx_hal_uart.o
                0x0000000008009462                UART_WaitOnFlagUntilTimeout
 *fill*         0x00000000080095ea        0x2 
 .text.UART_Start_Receive_IT
                0x00000000080095ec      0x130 ./Drivers/STM32F3xx_HAL_Driver/Src/stm32f3xx_hal_uart.o
                0x00000000080095ec                UART_Start_Receive_IT
 .text.UART_EndRxTransfer
                0x000000000800971c       0xc6 ./Drivers/STM32F3xx_HAL_Driver/Src/stm32f3xx_hal_uart.o
 .text.UART_DMAAbortOnError
                0x00000000080097e2       0x2c ./Drivers/STM32F3xx_HAL_Driver/Src/stm32f3xx_hal_uart.o
 .text.UART_EndTransmit_IT
                0x000000000800980e       0x54 ./Drivers/STM32F3xx_HAL_Driver/Src/stm32f3xx_hal_uart.o
 .text.UART_RxISR_8BIT
                0x0000000008009862      0x15c ./Drivers/STM32F3xx_HAL_Driver/Src/stm32f3xx_hal_uart.o
 .text.UART_RxISR_16BIT
                0x00000000080099be      0x15c ./Drivers/STM32F3xx_HAL_Driver/Src/stm32f3xx_hal_uart.o
 .text.HAL_UARTEx_WakeupCallback
                0x0000000008009b1a       0x14 ./Drivers/STM32F3xx_HAL_Driver/Src/stm32f3xx_hal_uart_ex.o
                0x0000000008009b1a                HAL_UARTEx_WakeupCallback
 .text.USB_DisableGlobalInt
                0x0000000008009b2e       0x36 ./Drivers/STM32F3xx_HAL_Driver/Src/stm32f3xx_ll_usb.o
                0x0000000008009b2e                USB_DisableGlobalInt
 .text.USB_DevInit
                0x0000000008009b64       0x42 ./Drivers/STM32F3xx_HAL_Driver/Src/stm32f3xx_ll_usb.o
                0x0000000008009b64                USB_DevInit
 *fill*         0x0000000008009ba6        0x2 
 .text.__errno  0x0000000008009ba8        0xc e:/program files/st/stm32cubeide_1.7.0/stm32cubeide/plugins/com.st.stm32cube.ide.mcu.externaltools.gnu-tools-for-stm32.9-2020-q2-update.win32_2.0.0.202105311346/tools/bin/../lib/gcc/arm-none-eabi/9.3.1/../../../../arm-none-eabi/lib/thumb/v7e-m+fp/hard\libc_nano.a(lib_a-errno.o)
                0x0000000008009ba8                __errno
 .text.__libc_init_array
                0x0000000008009bb4       0x48 e:/program files/st/stm32cubeide_1.7.0/stm32cubeide/plugins/com.st.stm32cube.ide.mcu.externaltools.gnu-tools-for-stm32.9-2020-q2-update.win32_2.0.0.202105311346/tools/bin/../lib/gcc/arm-none-eabi/9.3.1/../../../../arm-none-eabi/lib/thumb/v7e-m+fp/hard\libc_nano.a(lib_a-init.o)
                0x0000000008009bb4                __libc_init_array
 .text.memset   0x0000000008009bfc       0x10 e:/program files/st/stm32cubeide_1.7.0/stm32cubeide/plugins/com.st.stm32cube.ide.mcu.externaltools.gnu-tools-for-stm32.9-2020-q2-update.win32_2.0.0.202105311346/tools/bin/../lib/gcc/arm-none-eabi/9.3.1/../../../../arm-none-eabi/lib/thumb/v7e-m+fp/hard\libc_nano.a(lib_a-memset.o)
                0x0000000008009bfc                memset
 .text.srand    0x0000000008009c0c       0x5c e:/program files/st/stm32cubeide_1.7.0/stm32cubeide/plugins/com.st.stm32cube.ide.mcu.externaltools.gnu-tools-for-stm32.9-2020-q2-update.win32_2.0.0.202105311346/tools/bin/../lib/gcc/arm-none-eabi/9.3.1/../../../../arm-none-eabi/lib/thumb/v7e-m+fp/hard\libc_nano.a(lib_a-rand.o)
                0x0000000008009c0c                srand
 .text.rand     0x0000000008009c68       0x80 e:/program files/st/stm32cubeide_1.7.0/stm32cubeide/plugins/com.st.stm32cube.ide.mcu.externaltools.gnu-tools-for-stm32.9-2020-q2-update.win32_2.0.0.202105311346/tools/bin/../lib/gcc/arm-none-eabi/9.3.1/../../../../arm-none-eabi/lib/thumb/v7e-m+fp/hard\libc_nano.a(lib_a-rand.o)
                0x0000000008009c68                rand
 .text.sprintf  0x0000000008009ce8       0x40 e:/program files/st/stm32cubeide_1.7.0/stm32cubeide/plugins/com.st.stm32cube.ide.mcu.externaltools.gnu-tools-for-stm32.9-2020-q2-update.win32_2.0.0.202105311346/tools/bin/../lib/gcc/arm-none-eabi/9.3.1/../../../../arm-none-eabi/lib/thumb/v7e-m+fp/hard\libc_nano.a(lib_a-sprintf.o)
                0x0000000008009ce8                siprintf
                0x0000000008009ce8                sprintf
 .text.time     0x0000000008009d28       0x34 e:/program files/st/stm32cubeide_1.7.0/stm32cubeide/plugins/com.st.stm32cube.ide.mcu.externaltools.gnu-tools-for-stm32.9-2020-q2-update.win32_2.0.0.202105311346/tools/bin/../lib/gcc/arm-none-eabi/9.3.1/../../../../arm-none-eabi/lib/thumb/v7e-m+fp/hard\libc_nano.a(lib_a-time.o)
                0x0000000008009d28                time
 .text.__assert_func
                0x0000000008009d5c       0x3c e:/program files/st/stm32cubeide_1.7.0/stm32cubeide/plugins/com.st.stm32cube.ide.mcu.externaltools.gnu-tools-for-stm32.9-2020-q2-update.win32_2.0.0.202105311346/tools/bin/../lib/gcc/arm-none-eabi/9.3.1/../../../../arm-none-eabi/lib/thumb/v7e-m+fp/hard\libc_nano.a(lib_a-assert.o)
                0x0000000008009d5c                __assert_func
 .text.fprintf  0x0000000008009d98       0x24 e:/program files/st/stm32cubeide_1.7.0/stm32cubeide/plugins/com.st.stm32cube.ide.mcu.externaltools.gnu-tools-for-stm32.9-2020-q2-update.win32_2.0.0.202105311346/tools/bin/../lib/gcc/arm-none-eabi/9.3.1/../../../../arm-none-eabi/lib/thumb/v7e-m+fp/hard\libc_nano.a(lib_a-fprintf.o)
                0x0000000008009d98                fiprintf
                0x0000000008009d98                fprintf
 .text._gettimeofday_r
                0x0000000008009dbc       0x24 e:/program files/st/stm32cubeide_1.7.0/stm32cubeide/plugins/com.st.stm32cube.ide.mcu.externaltools.gnu-tools-for-stm32.9-2020-q2-update.win32_2.0.0.202105311346/tools/bin/../lib/gcc/arm-none-eabi/9.3.1/../../../../arm-none-eabi/lib/thumb/v7e-m+fp/hard\libc_nano.a(lib_a-gettimeofdayr.o)
                0x0000000008009dbc                _gettimeofday_r
 .text.malloc   0x0000000008009de0       0x10 e:/program files/st/stm32cubeide_1.7.0/stm32cubeide/plugins/com.st.stm32cube.ide.mcu.externaltools.gnu-tools-for-stm32.9-2020-q2-update.win32_2.0.0.202105311346/tools/bin/../lib/gcc/arm-none-eabi/9.3.1/../../../../arm-none-eabi/lib/thumb/v7e-m+fp/hard\libc_nano.a(lib_a-malloc.o)
                0x0000000008009de0                malloc
 .text._free_r  0x0000000008009df0       0xa0 e:/program files/st/stm32cubeide_1.7.0/stm32cubeide/plugins/com.st.stm32cube.ide.mcu.externaltools.gnu-tools-for-stm32.9-2020-q2-update.win32_2.0.0.202105311346/tools/bin/../lib/gcc/arm-none-eabi/9.3.1/../../../../arm-none-eabi/lib/thumb/v7e-m+fp/hard\libc_nano.a(lib_a-nano-freer.o)
                0x0000000008009df0                _free_r
 .text._malloc_r
                0x0000000008009e90       0xb4 e:/program files/st/stm32cubeide_1.7.0/stm32cubeide/plugins/com.st.stm32cube.ide.mcu.externaltools.gnu-tools-for-stm32.9-2020-q2-update.win32_2.0.0.202105311346/tools/bin/../lib/gcc/arm-none-eabi/9.3.1/../../../../arm-none-eabi/lib/thumb/v7e-m+fp/hard\libc_nano.a(lib_a-nano-mallocr.o)
                0x0000000008009e90                _malloc_r
 .text.__ssputs_r
                0x0000000008009f44       0xb6 e:/program files/st/stm32cubeide_1.7.0/stm32cubeide/plugins/com.st.stm32cube.ide.mcu.externaltools.gnu-tools-for-stm32.9-2020-q2-update.win32_2.0.0.202105311346/tools/bin/../lib/gcc/arm-none-eabi/9.3.1/../../../../arm-none-eabi/lib/thumb/v7e-m+fp/hard\libc_nano.a(lib_a-nano-svfprintf.o)
                0x0000000008009f44                __ssputs_r
 *fill*         0x0000000008009ffa        0x2 
 .text._svfprintf_r
                0x0000000008009ffc      0x200 e:/program files/st/stm32cubeide_1.7.0/stm32cubeide/plugins/com.st.stm32cube.ide.mcu.externaltools.gnu-tools-for-stm32.9-2020-q2-update.win32_2.0.0.202105311346/tools/bin/../lib/gcc/arm-none-eabi/9.3.1/../../../../arm-none-eabi/lib/thumb/v7e-m+fp/hard\libc_nano.a(lib_a-nano-svfprintf.o)
                0x0000000008009ffc                _svfiprintf_r
                0x0000000008009ffc                _svfprintf_r
 .text.__sfputc_r
                0x000000000800a1fc       0x2e e:/program files/st/stm32cubeide_1.7.0/stm32cubeide/plugins/com.st.stm32cube.ide.mcu.externaltools.gnu-tools-for-stm32.9-2020-q2-update.win32_2.0.0.202105311346/tools/bin/../lib/gcc/arm-none-eabi/9.3.1/../../../../arm-none-eabi/lib/thumb/v7e-m+fp/hard\libc_nano.a(lib_a-nano-vfprintf.o)
 .text.__sfputs_r
                0x000000000800a22a       0x24 e:/program files/st/stm32cubeide_1.7.0/stm32cubeide/plugins/com.st.stm32cube.ide.mcu.externaltools.gnu-tools-for-stm32.9-2020-q2-update.win32_2.0.0.202105311346/tools/bin/../lib/gcc/arm-none-eabi/9.3.1/../../../../arm-none-eabi/lib/thumb/v7e-m+fp/hard\libc_nano.a(lib_a-nano-vfprintf.o)
                0x000000000800a22a                __sfputs_r
 *fill*         0x000000000800a24e        0x2 
 .text._vfprintf_r
                0x000000000800a250      0x260 e:/program files/st/stm32cubeide_1.7.0/stm32cubeide/plugins/com.st.stm32cube.ide.mcu.externaltools.gnu-tools-for-stm32.9-2020-q2-update.win32_2.0.0.202105311346/tools/bin/../lib/gcc/arm-none-eabi/9.3.1/../../../../arm-none-eabi/lib/thumb/v7e-m+fp/hard\libc_nano.a(lib_a-nano-vfprintf.o)
                0x000000000800a250                _vfprintf_r
                0x000000000800a250                _vfiprintf_r
 .text._printf_common
                0x000000000800a4b0       0xda e:/program files/st/stm32cubeide_1.7.0/stm32cubeide/plugins/com.st.stm32cube.ide.mcu.externaltools.gnu-tools-for-stm32.9-2020-q2-update.win32_2.0.0.202105311346/tools/bin/../lib/gcc/arm-none-eabi/9.3.1/../../../../arm-none-eabi/lib/thumb/v7e-m+fp/hard\libc_nano.a(lib_a-nano-vfprintf_i.o)
                0x000000000800a4b0                _printf_common
 *fill*         0x000000000800a58a        0x2 
 .text._printf_i
                0x000000000800a58c      0x24c e:/program files/st/stm32cubeide_1.7.0/stm32cubeide/plugins/com.st.stm32cube.ide.mcu.externaltools.gnu-tools-for-stm32.9-2020-q2-update.win32_2.0.0.202105311346/tools/bin/../lib/gcc/arm-none-eabi/9.3.1/../../../../arm-none-eabi/lib/thumb/v7e-m+fp/hard\libc_nano.a(lib_a-nano-vfprintf_i.o)
                0x000000000800a58c                _printf_i
 .text._sbrk_r  0x000000000800a7d8       0x20 e:/program files/st/stm32cubeide_1.7.0/stm32cubeide/plugins/com.st.stm32cube.ide.mcu.externaltools.gnu-tools-for-stm32.9-2020-q2-update.win32_2.0.0.202105311346/tools/bin/../lib/gcc/arm-none-eabi/9.3.1/../../../../arm-none-eabi/lib/thumb/v7e-m+fp/hard\libc_nano.a(lib_a-sbrkr.o)
                0x000000000800a7d8                _sbrk_r
 .text.__swbuf_r
                0x000000000800a7f8       0xa4 e:/program files/st/stm32cubeide_1.7.0/stm32cubeide/plugins/com.st.stm32cube.ide.mcu.externaltools.gnu-tools-for-stm32.9-2020-q2-update.win32_2.0.0.202105311346/tools/bin/../lib/gcc/arm-none-eabi/9.3.1/../../../../arm-none-eabi/lib/thumb/v7e-m+fp/hard\libc_nano.a(lib_a-wbuf.o)
                0x000000000800a7f8                __swbuf_r
 .text.__swsetup_r
                0x000000000800a89c       0xdc e:/program files/st/stm32cubeide_1.7.0/stm32cubeide/plugins/com.st.stm32cube.ide.mcu.externaltools.gnu-tools-for-stm32.9-2020-q2-update.win32_2.0.0.202105311346/tools/bin/../lib/gcc/arm-none-eabi/9.3.1/../../../../arm-none-eabi/lib/thumb/v7e-m+fp/hard\libc_nano.a(lib_a-wsetup.o)
                0x000000000800a89c                __swsetup_r
 .text.abort    0x000000000800a978        0xe e:/program files/st/stm32cubeide_1.7.0/stm32cubeide/plugins/com.st.stm32cube.ide.mcu.externaltools.gnu-tools-for-stm32.9-2020-q2-update.win32_2.0.0.202105311346/tools/bin/../lib/gcc/arm-none-eabi/9.3.1/../../../../arm-none-eabi/lib/thumb/v7e-m+fp/hard\libc_nano.a(lib_a-abort.o)
                0x000000000800a978                abort
 *fill*         0x000000000800a986        0x2 
 .text.__sflush_r
                0x000000000800a988      0x10c e:/program files/st/stm32cubeide_1.7.0/stm32cubeide/plugins/com.st.stm32cube.ide.mcu.externaltools.gnu-tools-for-stm32.9-2020-q2-update.win32_2.0.0.202105311346/tools/bin/../lib/gcc/arm-none-eabi/9.3.1/../../../../arm-none-eabi/lib/thumb/v7e-m+fp/hard\libc_nano.a(lib_a-fflush.o)
                0x000000000800a988                __sflush_r
 .text._fflush_r
                0x000000000800aa94       0x78 e:/program files/st/stm32cubeide_1.7.0/stm32cubeide/plugins/com.st.stm32cube.ide.mcu.externaltools.gnu-tools-for-stm32.9-2020-q2-update.win32_2.0.0.202105311346/tools/bin/../lib/gcc/arm-none-eabi/9.3.1/../../../../arm-none-eabi/lib/thumb/v7e-m+fp/hard\libc_nano.a(lib_a-fflush.o)
                0x000000000800aa94                _fflush_r
 .text.std      0x000000000800ab0c       0x48 e:/program files/st/stm32cubeide_1.7.0/stm32cubeide/plugins/com.st.stm32cube.ide.mcu.externaltools.gnu-tools-for-stm32.9-2020-q2-update.win32_2.0.0.202105311346/tools/bin/../lib/gcc/arm-none-eabi/9.3.1/../../../../arm-none-eabi/lib/thumb/v7e-m+fp/hard\libc_nano.a(lib_a-findfp.o)
 .text._cleanup_r
                0x000000000800ab54        0xc e:/program files/st/stm32cubeide_1.7.0/stm32cubeide/plugins/com.st.stm32cube.ide.mcu.externaltools.gnu-tools-for-stm32.9-2020-q2-update.win32_2.0.0.202105311346/tools/bin/../lib/gcc/arm-none-eabi/9.3.1/../../../../arm-none-eabi/lib/thumb/v7e-m+fp/hard\libc_nano.a(lib_a-findfp.o)
                0x000000000800ab54                _cleanup_r
 .text.__sfmoreglue
                0x000000000800ab60       0x2c e:/program files/st/stm32cubeide_1.7.0/stm32cubeide/plugins/com.st.stm32cube.ide.mcu.externaltools.gnu-tools-for-stm32.9-2020-q2-update.win32_2.0.0.202105311346/tools/bin/../lib/gcc/arm-none-eabi/9.3.1/../../../../arm-none-eabi/lib/thumb/v7e-m+fp/hard\libc_nano.a(lib_a-findfp.o)
                0x000000000800ab60                __sfmoreglue
 .text.__sfp_lock_acquire
                0x000000000800ab8c        0xc e:/program files/st/stm32cubeide_1.7.0/stm32cubeide/plugins/com.st.stm32cube.ide.mcu.externaltools.gnu-tools-for-stm32.9-2020-q2-update.win32_2.0.0.202105311346/tools/bin/../lib/gcc/arm-none-eabi/9.3.1/../../../../arm-none-eabi/lib/thumb/v7e-m+fp/hard\libc_nano.a(lib_a-findfp.o)
                0x000000000800ab8c                __sfp_lock_acquire
 .text.__sfp_lock_release
                0x000000000800ab98        0xc e:/program files/st/stm32cubeide_1.7.0/stm32cubeide/plugins/com.st.stm32cube.ide.mcu.externaltools.gnu-tools-for-stm32.9-2020-q2-update.win32_2.0.0.202105311346/tools/bin/../lib/gcc/arm-none-eabi/9.3.1/../../../../arm-none-eabi/lib/thumb/v7e-m+fp/hard\libc_nano.a(lib_a-findfp.o)
                0x000000000800ab98                __sfp_lock_release
 .text.__sinit_lock_acquire
                0x000000000800aba4        0xc e:/program files/st/stm32cubeide_1.7.0/stm32cubeide/plugins/com.st.stm32cube.ide.mcu.externaltools.gnu-tools-for-stm32.9-2020-q2-update.win32_2.0.0.202105311346/tools/bin/../lib/gcc/arm-none-eabi/9.3.1/../../../../arm-none-eabi/lib/thumb/v7e-m+fp/hard\libc_nano.a(lib_a-findfp.o)
                0x000000000800aba4                __sinit_lock_acquire
 .text.__sinit_lock_release
                0x000000000800abb0        0xc e:/program files/st/stm32cubeide_1.7.0/stm32cubeide/plugins/com.st.stm32cube.ide.mcu.externaltools.gnu-tools-for-stm32.9-2020-q2-update.win32_2.0.0.202105311346/tools/bin/../lib/gcc/arm-none-eabi/9.3.1/../../../../arm-none-eabi/lib/thumb/v7e-m+fp/hard\libc_nano.a(lib_a-findfp.o)
                0x000000000800abb0                __sinit_lock_release
 .text.__sinit  0x000000000800abbc       0x70 e:/program files/st/stm32cubeide_1.7.0/stm32cubeide/plugins/com.st.stm32cube.ide.mcu.externaltools.gnu-tools-for-stm32.9-2020-q2-update.win32_2.0.0.202105311346/tools/bin/../lib/gcc/arm-none-eabi/9.3.1/../../../../arm-none-eabi/lib/thumb/v7e-m+fp/hard\libc_nano.a(lib_a-findfp.o)
                0x000000000800abbc                __sinit
 .text.__sfp    0x000000000800ac2c       0x8c e:/program files/st/stm32cubeide_1.7.0/stm32cubeide/plugins/com.st.stm32cube.ide.mcu.externaltools.gnu-tools-for-stm32.9-2020-q2-update.win32_2.0.0.202105311346/tools/bin/../lib/gcc/arm-none-eabi/9.3.1/../../../../arm-none-eabi/lib/thumb/v7e-m+fp/hard\libc_nano.a(lib_a-findfp.o)
                0x000000000800ac2c                __sfp
 .text._fwalk_reent
                0x000000000800acb8       0x3e e:/program files/st/stm32cubeide_1.7.0/stm32cubeide/plugins/com.st.stm32cube.ide.mcu.externaltools.gnu-tools-for-stm32.9-2020-q2-update.win32_2.0.0.202105311346/tools/bin/../lib/gcc/arm-none-eabi/9.3.1/../../../../arm-none-eabi/lib/thumb/v7e-m+fp/hard\libc_nano.a(lib_a-fwalk.o)
                0x000000000800acb8                _fwalk_reent
 .text.__retarget_lock_init_recursive
                0x000000000800acf6        0x2 e:/program files/st/stm32cubeide_1.7.0/stm32cubeide/plugins/com.st.stm32cube.ide.mcu.externaltools.gnu-tools-for-stm32.9-2020-q2-update.win32_2.0.0.202105311346/tools/bin/../lib/gcc/arm-none-eabi/9.3.1/../../../../arm-none-eabi/lib/thumb/v7e-m+fp/hard\libc_nano.a(lib_a-lock.o)
                0x000000000800acf6                __retarget_lock_init_recursive
 .text.__retarget_lock_acquire_recursive
                0x000000000800acf8        0x2 e:/program files/st/stm32cubeide_1.7.0/stm32cubeide/plugins/com.st.stm32cube.ide.mcu.externaltools.gnu-tools-for-stm32.9-2020-q2-update.win32_2.0.0.202105311346/tools/bin/../lib/gcc/arm-none-eabi/9.3.1/../../../../arm-none-eabi/lib/thumb/v7e-m+fp/hard\libc_nano.a(lib_a-lock.o)
                0x000000000800acf8                __retarget_lock_acquire_recursive
 .text.__retarget_lock_release_recursive
                0x000000000800acfa        0x2 e:/program files/st/stm32cubeide_1.7.0/stm32cubeide/plugins/com.st.stm32cube.ide.mcu.externaltools.gnu-tools-for-stm32.9-2020-q2-update.win32_2.0.0.202105311346/tools/bin/../lib/gcc/arm-none-eabi/9.3.1/../../../../arm-none-eabi/lib/thumb/v7e-m+fp/hard\libc_nano.a(lib_a-lock.o)
                0x000000000800acfa                __retarget_lock_release_recursive
 .text.__swhatbuf_r
                0x000000000800acfc       0x48 e:/program files/st/stm32cubeide_1.7.0/stm32cubeide/plugins/com.st.stm32cube.ide.mcu.externaltools.gnu-tools-for-stm32.9-2020-q2-update.win32_2.0.0.202105311346/tools/bin/../lib/gcc/arm-none-eabi/9.3.1/../../../../arm-none-eabi/lib/thumb/v7e-m+fp/hard\libc_nano.a(lib_a-makebuf.o)
                0x000000000800acfc                __swhatbuf_r
 .text.__smakebuf_r
                0x000000000800ad44       0x80 e:/program files/st/stm32cubeide_1.7.0/stm32cubeide/plugins/com.st.stm32cube.ide.mcu.externaltools.gnu-tools-for-stm32.9-2020-q2-update.win32_2.0.0.202105311346/tools/bin/../lib/gcc/arm-none-eabi/9.3.1/../../../../arm-none-eabi/lib/thumb/v7e-m+fp/hard\libc_nano.a(lib_a-makebuf.o)
                0x000000000800ad44                __smakebuf_r
 .text.memcpy   0x000000000800adc4       0x1c e:/program files/st/stm32cubeide_1.7.0/stm32cubeide/plugins/com.st.stm32cube.ide.mcu.externaltools.gnu-tools-for-stm32.9-2020-q2-update.win32_2.0.0.202105311346/tools/bin/../lib/gcc/arm-none-eabi/9.3.1/../../../../arm-none-eabi/lib/thumb/v7e-m+fp/hard\libc_nano.a(lib_a-memcpy-stub.o)
                0x000000000800adc4                memcpy
 .text.memmove  0x000000000800ade0       0x34 e:/program files/st/stm32cubeide_1.7.0/stm32cubeide/plugins/com.st.stm32cube.ide.mcu.externaltools.gnu-tools-for-stm32.9-2020-q2-update.win32_2.0.0.202105311346/tools/bin/../lib/gcc/arm-none-eabi/9.3.1/../../../../arm-none-eabi/lib/thumb/v7e-m+fp/hard\libc_nano.a(lib_a-memmove.o)
                0x000000000800ade0                memmove
 .text.__malloc_lock
                0x000000000800ae14        0xc e:/program files/st/stm32cubeide_1.7.0/stm32cubeide/plugins/com.st.stm32cube.ide.mcu.externaltools.gnu-tools-for-stm32.9-2020-q2-update.win32_2.0.0.202105311346/tools/bin/../lib/gcc/arm-none-eabi/9.3.1/../../../../arm-none-eabi/lib/thumb/v7e-m+fp/hard\libc_nano.a(lib_a-mlock.o)
                0x000000000800ae14                __malloc_lock
 .text.__malloc_unlock
                0x000000000800ae20        0xc e:/program files/st/stm32cubeide_1.7.0/stm32cubeide/plugins/com.st.stm32cube.ide.mcu.externaltools.gnu-tools-for-stm32.9-2020-q2-update.win32_2.0.0.202105311346/tools/bin/../lib/gcc/arm-none-eabi/9.3.1/../../../../arm-none-eabi/lib/thumb/v7e-m+fp/hard\libc_nano.a(lib_a-mlock.o)
                0x000000000800ae20                __malloc_unlock
 .text._realloc_r
                0x000000000800ae2c       0x4c e:/program files/st/stm32cubeide_1.7.0/stm32cubeide/plugins/com.st.stm32cube.ide.mcu.externaltools.gnu-tools-for-stm32.9-2020-q2-update.win32_2.0.0.202105311346/tools/bin/../lib/gcc/arm-none-eabi/9.3.1/../../../../arm-none-eabi/lib/thumb/v7e-m+fp/hard\libc_nano.a(lib_a-nano-reallocr.o)
                0x000000000800ae2c                _realloc_r
 .text._raise_r
                0x000000000800ae78       0x50 e:/program files/st/stm32cubeide_1.7.0/stm32cubeide/plugins/com.st.stm32cube.ide.mcu.externaltools.gnu-tools-for-stm32.9-2020-q2-update.win32_2.0.0.202105311346/tools/bin/../lib/gcc/arm-none-eabi/9.3.1/../../../../arm-none-eabi/lib/thumb/v7e-m+fp/hard\libc_nano.a(lib_a-signal.o)
                0x000000000800ae78                _raise_r
 .text.raise    0x000000000800aec8       0x10 e:/program files/st/stm32cubeide_1.7.0/stm32cubeide/plugins/com.st.stm32cube.ide.mcu.externaltools.gnu-tools-for-stm32.9-2020-q2-update.win32_2.0.0.202105311346/tools/bin/../lib/gcc/arm-none-eabi/9.3.1/../../../../arm-none-eabi/lib/thumb/v7e-m+fp/hard\libc_nano.a(lib_a-signal.o)
                0x000000000800aec8                raise
 .text._kill_r  0x000000000800aed8       0x24 e:/program files/st/stm32cubeide_1.7.0/stm32cubeide/plugins/com.st.stm32cube.ide.mcu.externaltools.gnu-tools-for-stm32.9-2020-q2-update.win32_2.0.0.202105311346/tools/bin/../lib/gcc/arm-none-eabi/9.3.1/../../../../arm-none-eabi/lib/thumb/v7e-m+fp/hard\libc_nano.a(lib_a-signalr.o)
                0x000000000800aed8                _kill_r
 .text._getpid_r
                0x000000000800aefc        0x4 e:/program files/st/stm32cubeide_1.7.0/stm32cubeide/plugins/com.st.stm32cube.ide.mcu.externaltools.gnu-tools-for-stm32.9-2020-q2-update.win32_2.0.0.202105311346/tools/bin/../lib/gcc/arm-none-eabi/9.3.1/../../../../arm-none-eabi/lib/thumb/v7e-m+fp/hard\libc_nano.a(lib_a-signalr.o)
                0x000000000800aefc                _getpid_r
 .text.__sread  0x000000000800af00       0x22 e:/program files/st/stm32cubeide_1.7.0/stm32cubeide/plugins/com.st.stm32cube.ide.mcu.externaltools.gnu-tools-for-stm32.9-2020-q2-update.win32_2.0.0.202105311346/tools/bin/../lib/gcc/arm-none-eabi/9.3.1/../../../../arm-none-eabi/lib/thumb/v7e-m+fp/hard\libc_nano.a(lib_a-stdio.o)
                0x000000000800af00                __sread
 .text.__swrite
                0x000000000800af22       0x38 e:/program files/st/stm32cubeide_1.7.0/stm32cubeide/plugins/com.st.stm32cube.ide.mcu.externaltools.gnu-tools-for-stm32.9-2020-q2-update.win32_2.0.0.202105311346/tools/bin/../lib/gcc/arm-none-eabi/9.3.1/../../../../arm-none-eabi/lib/thumb/v7e-m+fp/hard\libc_nano.a(lib_a-stdio.o)
                0x000000000800af22                __swrite
 .text.__sseek  0x000000000800af5a       0x24 e:/program files/st/stm32cubeide_1.7.0/stm32cubeide/plugins/com.st.stm32cube.ide.mcu.externaltools.gnu-tools-for-stm32.9-2020-q2-update.win32_2.0.0.202105311346/tools/bin/../lib/gcc/arm-none-eabi/9.3.1/../../../../arm-none-eabi/lib/thumb/v7e-m+fp/hard\libc_nano.a(lib_a-stdio.o)
                0x000000000800af5a                __sseek
 .text.__sclose
                0x000000000800af7e        0x8 e:/program files/st/stm32cubeide_1.7.0/stm32cubeide/plugins/com.st.stm32cube.ide.mcu.externaltools.gnu-tools-for-stm32.9-2020-q2-update.win32_2.0.0.202105311346/tools/bin/../lib/gcc/arm-none-eabi/9.3.1/../../../../arm-none-eabi/lib/thumb/v7e-m+fp/hard\libc_nano.a(lib_a-stdio.o)
                0x000000000800af7e                __sclose
 *fill*         0x000000000800af86        0x2 
 .text._write_r
                0x000000000800af88       0x24 e:/program files/st/stm32cubeide_1.7.0/stm32cubeide/plugins/com.st.stm32cube.ide.mcu.externaltools.gnu-tools-for-stm32.9-2020-q2-update.win32_2.0.0.202105311346/tools/bin/../lib/gcc/arm-none-eabi/9.3.1/../../../../arm-none-eabi/lib/thumb/v7e-m+fp/hard\libc_nano.a(lib_a-writer.o)
                0x000000000800af88                _write_r
 .text._close_r
                0x000000000800afac       0x20 e:/program files/st/stm32cubeide_1.7.0/stm32cubeide/plugins/com.st.stm32cube.ide.mcu.externaltools.gnu-tools-for-stm32.9-2020-q2-update.win32_2.0.0.202105311346/tools/bin/../lib/gcc/arm-none-eabi/9.3.1/../../../../arm-none-eabi/lib/thumb/v7e-m+fp/hard\libc_nano.a(lib_a-closer.o)
                0x000000000800afac                _close_r
 .text._fstat_r
                0x000000000800afcc       0x24 e:/program files/st/stm32cubeide_1.7.0/stm32cubeide/plugins/com.st.stm32cube.ide.mcu.externaltools.gnu-tools-for-stm32.9-2020-q2-update.win32_2.0.0.202105311346/tools/bin/../lib/gcc/arm-none-eabi/9.3.1/../../../../arm-none-eabi/lib/thumb/v7e-m+fp/hard\libc_nano.a(lib_a-fstatr.o)
                0x000000000800afcc                _fstat_r
 .text._isatty_r
                0x000000000800aff0       0x20 e:/program files/st/stm32cubeide_1.7.0/stm32cubeide/plugins/com.st.stm32cube.ide.mcu.externaltools.gnu-tools-for-stm32.9-2020-q2-update.win32_2.0.0.202105311346/tools/bin/../lib/gcc/arm-none-eabi/9.3.1/../../../../arm-none-eabi/lib/thumb/v7e-m+fp/hard\libc_nano.a(lib_a-isattyr.o)
                0x000000000800aff0                _isatty_r
 .text._lseek_r
                0x000000000800b010       0x24 e:/program files/st/stm32cubeide_1.7.0/stm32cubeide/plugins/com.st.stm32cube.ide.mcu.externaltools.gnu-tools-for-stm32.9-2020-q2-update.win32_2.0.0.202105311346/tools/bin/../lib/gcc/arm-none-eabi/9.3.1/../../../../arm-none-eabi/lib/thumb/v7e-m+fp/hard\libc_nano.a(lib_a-lseekr.o)
                0x000000000800b010                _lseek_r
 .text._malloc_usable_size_r
                0x000000000800b034       0x10 e:/program files/st/stm32cubeide_1.7.0/stm32cubeide/plugins/com.st.stm32cube.ide.mcu.externaltools.gnu-tools-for-stm32.9-2020-q2-update.win32_2.0.0.202105311346/tools/bin/../lib/gcc/arm-none-eabi/9.3.1/../../../../arm-none-eabi/lib/thumb/v7e-m+fp/hard\libc_nano.a(lib_a-nano-msizer.o)
                0x000000000800b034                _malloc_usable_size_r
 .text._read_r  0x000000000800b044       0x24 e:/program files/st/stm32cubeide_1.7.0/stm32cubeide/plugins/com.st.stm32cube.ide.mcu.externaltools.gnu-tools-for-stm32.9-2020-q2-update.win32_2.0.0.202105311346/tools/bin/../lib/gcc/arm-none-eabi/9.3.1/../../../../arm-none-eabi/lib/thumb/v7e-m+fp/hard\libc_nano.a(lib_a-readr.o)
                0x000000000800b044                _read_r
 .text._gettimeofday
                0x000000000800b068       0x10 e:/program files/st/stm32cubeide_1.7.0/stm32cubeide/plugins/com.st.stm32cube.ide.mcu.externaltools.gnu-tools-for-stm32.9-2020-q2-update.win32_2.0.0.202105311346/tools/bin/../lib/gcc/arm-none-eabi/9.3.1/../../../../arm-none-eabi/lib/thumb/v7e-m+fp/hard\libnosys.a(gettod.o)
                0x000000000800b068                _gettimeofday
 *(.glue_7)
 .glue_7        0x000000000800b078        0x0 linker stubs
 *(.glue_7t)
 .glue_7t       0x000000000800b078        0x0 linker stubs
 *(.eh_frame)
 .eh_frame      0x000000000800b078        0x0 e:/program files/st/stm32cubeide_1.7.0/stm32cubeide/plugins/com.st.stm32cube.ide.mcu.externaltools.gnu-tools-for-stm32.9-2020-q2-update.win32_2.0.0.202105311346/tools/bin/../lib/gcc/arm-none-eabi/9.3.1/thumb/v7e-m+fp/hard/crtbegin.o
 *(.init)
 .init          0x000000000800b078        0x4 e:/program files/st/stm32cubeide_1.7.0/stm32cubeide/plugins/com.st.stm32cube.ide.mcu.externaltools.gnu-tools-for-stm32.9-2020-q2-update.win32_2.0.0.202105311346/tools/bin/../lib/gcc/arm-none-eabi/9.3.1/thumb/v7e-m+fp/hard/crti.o
                0x000000000800b078                _init
 .init          0x000000000800b07c        0x8 e:/program files/st/stm32cubeide_1.7.0/stm32cubeide/plugins/com.st.stm32cube.ide.mcu.externaltools.gnu-tools-for-stm32.9-2020-q2-update.win32_2.0.0.202105311346/tools/bin/../lib/gcc/arm-none-eabi/9.3.1/thumb/v7e-m+fp/hard/crtn.o
 *(.fini)
 .fini          0x000000000800b084        0x4 e:/program files/st/stm32cubeide_1.7.0/stm32cubeide/plugins/com.st.stm32cube.ide.mcu.externaltools.gnu-tools-for-stm32.9-2020-q2-update.win32_2.0.0.202105311346/tools/bin/../lib/gcc/arm-none-eabi/9.3.1/thumb/v7e-m+fp/hard/crti.o
                0x000000000800b084                _fini
 .fini          0x000000000800b088        0x8 e:/program files/st/stm32cubeide_1.7.0/stm32cubeide/plugins/com.st.stm32cube.ide.mcu.externaltools.gnu-tools-for-stm32.9-2020-q2-update.win32_2.0.0.202105311346/tools/bin/../lib/gcc/arm-none-eabi/9.3.1/thumb/v7e-m+fp/hard/crtn.o
                0x000000000800b090                . = ALIGN (0x4)
                0x000000000800b090                _etext = .

.vfp11_veneer   0x000000000800b090        0x0
 .vfp11_veneer  0x000000000800b090        0x0 linker stubs

.v4_bx          0x000000000800b090        0x0
 .v4_bx         0x000000000800b090        0x0 linker stubs

.iplt           0x000000000800b090        0x0
 .iplt          0x000000000800b090        0x0 e:/program files/st/stm32cubeide_1.7.0/stm32cubeide/plugins/com.st.stm32cube.ide.mcu.externaltools.gnu-tools-for-stm32.9-2020-q2-update.win32_2.0.0.202105311346/tools/bin/../lib/gcc/arm-none-eabi/9.3.1/thumb/v7e-m+fp/hard/crtbegin.o

.rodata         0x000000000800b090      0x37c
                0x000000000800b090                . = ALIGN (0x4)
 *(.rodata)
 .rodata        0x000000000800b090      0x140 ./Core/Src/stm32f3xx_it.o
 *(.rodata*)
 .rodata.star_wars_melody
                0x000000000800b1d0       0xb8 ./Core/Src/stm32f3xx_it.o
                0x000000000800b1d0                star_wars_melody
 .rodata.AHBPrescTable
                0x000000000800b288       0x10 ./Core/Src/system_stm32f3xx.o
                0x000000000800b288                AHBPrescTable
 .rodata.APBPrescTable
                0x000000000800b298        0x8 ./Core/Src/system_stm32f3xx.o
                0x000000000800b298                APBPrescTable
 .rodata.aPLLMULFactorTable
                0x000000000800b2a0       0x10 ./Drivers/STM32F3xx_HAL_Driver/Src/stm32f3xx_hal_rcc.o
                0x000000000800b2a0                aPLLMULFactorTable
 .rodata.aPredivFactorTable
                0x000000000800b2b0       0x10 ./Drivers/STM32F3xx_HAL_Driver/Src/stm32f3xx_hal_rcc.o
                0x000000000800b2b0                aPredivFactorTable
 .rodata._global_impure_ptr
                0x000000000800b2c0        0x4 e:/program files/st/stm32cubeide_1.7.0/stm32cubeide/plugins/com.st.stm32cube.ide.mcu.externaltools.gnu-tools-for-stm32.9-2020-q2-update.win32_2.0.0.202105311346/tools/bin/../lib/gcc/arm-none-eabi/9.3.1/../../../../arm-none-eabi/lib/thumb/v7e-m+fp/hard\libc_nano.a(lib_a-impure.o)
                0x000000000800b2c0                _global_impure_ptr
 .rodata.srand.str1.1
                0x000000000800b2c4       0x76 e:/program files/st/stm32cubeide_1.7.0/stm32cubeide/plugins/com.st.stm32cube.ide.mcu.externaltools.gnu-tools-for-stm32.9-2020-q2-update.win32_2.0.0.202105311346/tools/bin/../lib/gcc/arm-none-eabi/9.3.1/../../../../arm-none-eabi/lib/thumb/v7e-m+fp/hard\libc_nano.a(lib_a-rand.o)
 .rodata.__assert_func.str1.1
                0x000000000800b33a       0x3c e:/program files/st/stm32cubeide_1.7.0/stm32cubeide/plugins/com.st.stm32cube.ide.mcu.externaltools.gnu-tools-for-stm32.9-2020-q2-update.win32_2.0.0.202105311346/tools/bin/../lib/gcc/arm-none-eabi/9.3.1/../../../../arm-none-eabi/lib/thumb/v7e-m+fp/hard\libc_nano.a(lib_a-assert.o)
                                         0x3d (size before relaxing)
 .rodata._svfprintf_r.str1.1
                0x000000000800b376       0x11 e:/program files/st/stm32cubeide_1.7.0/stm32cubeide/plugins/com.st.stm32cube.ide.mcu.externaltools.gnu-tools-for-stm32.9-2020-q2-update.win32_2.0.0.202105311346/tools/bin/../lib/gcc/arm-none-eabi/9.3.1/../../../../arm-none-eabi/lib/thumb/v7e-m+fp/hard\libc_nano.a(lib_a-nano-svfprintf.o)
 .rodata._vfprintf_r.str1.1
                0x000000000800b387       0x11 e:/program files/st/stm32cubeide_1.7.0/stm32cubeide/plugins/com.st.stm32cube.ide.mcu.externaltools.gnu-tools-for-stm32.9-2020-q2-update.win32_2.0.0.202105311346/tools/bin/../lib/gcc/arm-none-eabi/9.3.1/../../../../arm-none-eabi/lib/thumb/v7e-m+fp/hard\libc_nano.a(lib_a-nano-vfprintf.o)
 .rodata._printf_i.str1.1
                0x000000000800b387       0x22 e:/program files/st/stm32cubeide_1.7.0/stm32cubeide/plugins/com.st.stm32cube.ide.mcu.externaltools.gnu-tools-for-stm32.9-2020-q2-update.win32_2.0.0.202105311346/tools/bin/../lib/gcc/arm-none-eabi/9.3.1/../../../../arm-none-eabi/lib/thumb/v7e-m+fp/hard\libc_nano.a(lib_a-nano-vfprintf_i.o)
 *fill*         0x000000000800b3a9        0x3 
 .rodata.__sf_fake_stderr
                0x000000000800b3ac       0x20 e:/program files/st/stm32cubeide_1.7.0/stm32cubeide/plugins/com.st.stm32cube.ide.mcu.externaltools.gnu-tools-for-stm32.9-2020-q2-update.win32_2.0.0.202105311346/tools/bin/../lib/gcc/arm-none-eabi/9.3.1/../../../../arm-none-eabi/lib/thumb/v7e-m+fp/hard\libc_nano.a(lib_a-findfp.o)
                0x000000000800b3ac                __sf_fake_stderr
 .rodata.__sf_fake_stdin
                0x000000000800b3cc       0x20 e:/program files/st/stm32cubeide_1.7.0/stm32cubeide/plugins/com.st.stm32cube.ide.mcu.externaltools.gnu-tools-for-stm32.9-2020-q2-update.win32_2.0.0.202105311346/tools/bin/../lib/gcc/arm-none-eabi/9.3.1/../../../../arm-none-eabi/lib/thumb/v7e-m+fp/hard\libc_nano.a(lib_a-findfp.o)
                0x000000000800b3cc                __sf_fake_stdin
 .rodata.__sf_fake_stdout
                0x000000000800b3ec       0x20 e:/program files/st/stm32cubeide_1.7.0/stm32cubeide/plugins/com.st.stm32cube.ide.mcu.externaltools.gnu-tools-for-stm32.9-2020-q2-update.win32_2.0.0.202105311346/tools/bin/../lib/gcc/arm-none-eabi/9.3.1/../../../../arm-none-eabi/lib/thumb/v7e-m+fp/hard\libc_nano.a(lib_a-findfp.o)
                0x000000000800b3ec                __sf_fake_stdout
                0x000000000800b40c                . = ALIGN (0x4)

.rel.dyn        0x000000000800b40c        0x0
 .rel.iplt      0x000000000800b40c        0x0 e:/program files/st/stm32cubeide_1.7.0/stm32cubeide/plugins/com.st.stm32cube.ide.mcu.externaltools.gnu-tools-for-stm32.9-2020-q2-update.win32_2.0.0.202105311346/tools/bin/../lib/gcc/arm-none-eabi/9.3.1/thumb/v7e-m+fp/hard/crtbegin.o

.ARM.extab      0x000000000800b40c        0x0
                0x000000000800b40c                . = ALIGN (0x4)
 *(.ARM.extab* .gnu.linkonce.armextab.*)
                0x000000000800b40c                . = ALIGN (0x4)

.ARM            0x000000000800b40c        0x0
                0x000000000800b40c                . = ALIGN (0x4)
                0x000000000800b40c                __exidx_start = .
 *(.ARM.exidx*)
                0x000000000800b40c                __exidx_end = .
                0x000000000800b40c                . = ALIGN (0x4)

.preinit_array  0x000000000800b40c        0x0
                0x000000000800b40c                . = ALIGN (0x4)
                0x000000000800b40c                PROVIDE (__preinit_array_start = .)
 *(.preinit_array*)
                0x000000000800b40c                PROVIDE (__preinit_array_end = .)
                0x000000000800b40c                . = ALIGN (0x4)

.init_array     0x000000000800b40c        0x4
                0x000000000800b40c                . = ALIGN (0x4)
                0x000000000800b40c                PROVIDE (__init_array_start = .)
 *(SORT_BY_NAME(.init_array.*))
 *(.init_array*)
 .init_array    0x000000000800b40c        0x4 e:/program files/st/stm32cubeide_1.7.0/stm32cubeide/plugins/com.st.stm32cube.ide.mcu.externaltools.gnu-tools-for-stm32.9-2020-q2-update.win32_2.0.0.202105311346/tools/bin/../lib/gcc/arm-none-eabi/9.3.1/thumb/v7e-m+fp/hard/crtbegin.o
                0x000000000800b410                PROVIDE (__init_array_end = .)
                0x000000000800b410                . = ALIGN (0x4)

.fini_array     0x000000000800b410        0x4
                0x000000000800b410                . = ALIGN (0x4)
                [!provide]                        PROVIDE (__fini_array_start = .)
 *(SORT_BY_NAME(.fini_array.*))
 *(.fini_array*)
 .fini_array    0x000000000800b410        0x4 e:/program files/st/stm32cubeide_1.7.0/stm32cubeide/plugins/com.st.stm32cube.ide.mcu.externaltools.gnu-tools-for-stm32.9-2020-q2-update.win32_2.0.0.202105311346/tools/bin/../lib/gcc/arm-none-eabi/9.3.1/thumb/v7e-m+fp/hard/crtbegin.o
                [!provide]                        PROVIDE (__fini_array_end = .)
                0x000000000800b414                . = ALIGN (0x4)
                0x000000000800b414                _sidata = LOADADDR (.data)

.data           0x0000000020000000      0x2fc load address 0x000000000800b414
                0x0000000020000000                . = ALIGN (0x4)
                0x0000000020000000                _sdata = .
 *(.data)
 *(.data*)
 .data._fourbit_mode
                0x0000000020000000        0x1 ./Core/Src/LiquidCrystal.o
                0x0000000020000000                _fourbit_mode
 *fill*         0x0000000020000001        0x3 
 .data.doodler_on_stick
                0x0000000020000004        0x8 ./Core/Src/main.o
                0x0000000020000004                doodler_on_stick
 .data.doodler  0x000000002000000c        0x8 ./Core/Src/main.o
                0x000000002000000c                doodler
 .data.normal_stick
                0x0000000020000014        0x8 ./Core/Src/main.o
                0x0000000020000014                normal_stick
 .data.broken_stick
                0x000000002000001c        0x8 ./Core/Src/main.o
                0x000000002000001c                broken_stick
 .data.jump_stick
                0x0000000020000024        0x8 ./Core/Src/main.o
                0x0000000020000024                jump_stick
 .data.monster  0x000000002000002c        0x8 ./Core/Src/main.o
                0x000000002000002c                monster
 .data.black_hole
                0x0000000020000034        0x8 ./Core/Src/main.o
                0x0000000020000034                black_hole
 .data.data     0x000000002000003c      0x1f4 ./Core/Src/stm32f3xx_it.o
                0x000000002000003c                data
 .data.shot_x   0x0000000020000230        0x1 ./Core/Src/stm32f3xx_it.o
                0x0000000020000230                shot_x
 .data.shot_y   0x0000000020000231        0x1 ./Core/Src/stm32f3xx_it.o
                0x0000000020000231                shot_y
 .data.first_run
                0x0000000020000232        0x1 ./Core/Src/stm32f3xx_it.o
                0x0000000020000232                first_run
 .data.start_screen
                0x0000000020000233        0x1 ./Core/Src/stm32f3xx_it.o
                0x0000000020000233                start_screen
 .data.jump_number
                0x0000000020000234        0x1 ./Core/Src/stm32f3xx_it.o
                0x0000000020000234                jump_number
 *fill*         0x0000000020000235        0x3 
 .data.player_name
                0x0000000020000238        0xf ./Core/Src/stm32f3xx_it.o
                0x0000000020000238                player_name
 .data.name_selected
                0x0000000020000247        0x1 ./Core/Src/stm32f3xx_it.o
                0x0000000020000247                name_selected
 .data.probablity
                0x0000000020000248       0x3c ./Core/Src/stm32f3xx_it.o
                0x0000000020000248                probablity
 .data.pwm_timer
                0x0000000020000284        0x4 ./Core/Src/stm32f3xx_it.o
                0x0000000020000284                pwm_timer
 .data.volume   0x0000000020000288        0x2 ./Core/Src/stm32f3xx_it.o
                0x0000000020000288                volume
 *fill*         0x000000002000028a        0x2 
 .data.SystemCoreClock
                0x000000002000028c        0x4 ./Core/Src/system_stm32f3xx.o
                0x000000002000028c                SystemCoreClock
 .data.uwTickPrio
                0x0000000020000290        0x4 ./Drivers/STM32F3xx_HAL_Driver/Src/stm32f3xx_hal.o
                0x0000000020000290                uwTickPrio
 .data.uwTickFreq
                0x0000000020000294        0x1 ./Drivers/STM32F3xx_HAL_Driver/Src/stm32f3xx_hal.o
                0x0000000020000294                uwTickFreq
 *fill*         0x0000000020000295        0x3 
 .data._impure_ptr
                0x0000000020000298        0x4 e:/program files/st/stm32cubeide_1.7.0/stm32cubeide/plugins/com.st.stm32cube.ide.mcu.externaltools.gnu-tools-for-stm32.9-2020-q2-update.win32_2.0.0.202105311346/tools/bin/../lib/gcc/arm-none-eabi/9.3.1/../../../../arm-none-eabi/lib/thumb/v7e-m+fp/hard\libc_nano.a(lib_a-impure.o)
                0x0000000020000298                _impure_ptr
 .data.impure_data
                0x000000002000029c       0x60 e:/program files/st/stm32cubeide_1.7.0/stm32cubeide/plugins/com.st.stm32cube.ide.mcu.externaltools.gnu-tools-for-stm32.9-2020-q2-update.win32_2.0.0.202105311346/tools/bin/../lib/gcc/arm-none-eabi/9.3.1/../../../../arm-none-eabi/lib/thumb/v7e-m+fp/hard\libc_nano.a(lib_a-impure.o)
 *(.RamFunc)
 *(.RamFunc*)
                0x00000000200002fc                . = ALIGN (0x4)
                0x00000000200002fc                _edata = .
                0x000000000800b710                _siccmram = LOADADDR (.ccmram)

.igot.plt       0x00000000200002fc        0x0 load address 0x000000000800b710
 .igot.plt      0x00000000200002fc        0x0 e:/program files/st/stm32cubeide_1.7.0/stm32cubeide/plugins/com.st.stm32cube.ide.mcu.externaltools.gnu-tools-for-stm32.9-2020-q2-update.win32_2.0.0.202105311346/tools/bin/../lib/gcc/arm-none-eabi/9.3.1/thumb/v7e-m+fp/hard/crtbegin.o

.ccmram         0x0000000010000000        0x0 load address 0x000000000800b710
                0x0000000010000000                . = ALIGN (0x4)
                0x0000000010000000                _sccmram = .
 *(.ccmram)
 *(.ccmram*)
                0x0000000010000000                . = ALIGN (0x4)
                0x0000000010000000                _eccmram = .
                0x0000000010000000                . = ALIGN (0x4)

.bss            0x00000000200002fc      0x67c
                0x00000000200002fc                _sbss = .
                0x00000000200002fc                __bss_start__ = _sbss
 *(.bss)
 .bss           0x00000000200002fc       0x1c e:/program files/st/stm32cubeide_1.7.0/stm32cubeide/plugins/com.st.stm32cube.ide.mcu.externaltools.gnu-tools-for-stm32.9-2020-q2-update.win32_2.0.0.202105311346/tools/bin/../lib/gcc/arm-none-eabi/9.3.1/thumb/v7e-m+fp/hard/crtbegin.o
 *(.bss*)
 .bss.dotsize   0x0000000020000318        0x1 ./Core/Src/LiquidCrystal.o
                0x0000000020000318                dotsize
 *fill*         0x0000000020000319        0x3 
 .bss.seven_segment_counter
                0x000000002000031c        0x4 ./Core/Src/stm32f3xx_it.o
                0x000000002000031c                seven_segment_counter
 .bss.score     0x0000000020000320        0x4 ./Core/Src/stm32f3xx_it.o
                0x0000000020000320                score
 .bss.last_gpio_exit
                0x0000000020000324        0x4 ./Core/Src/stm32f3xx_it.o
                0x0000000020000324                last_gpio_exit
 .bss.volume_value
                0x0000000020000328        0x4 ./Core/Src/stm32f3xx_it.o
                0x0000000020000328                volume_value
 .bss.doodler_x
                0x000000002000032c        0x1 ./Core/Src/stm32f3xx_it.o
                0x000000002000032c                doodler_x
 .bss.doodler_y
                0x000000002000032d        0x1 ./Core/Src/stm32f3xx_it.o
                0x000000002000032d                doodler_y
 .bss.last_doodler_x
                0x000000002000032e        0x1 ./Core/Src/stm32f3xx_it.o
                0x000000002000032e                last_doodler_x
 .bss.last_doodler_y
                0x000000002000032f        0x1 ./Core/Src/stm32f3xx_it.o
                0x000000002000032f                last_doodler_y
 .bss.game_started
                0x0000000020000330        0x1 ./Core/Src/stm32f3xx_it.o
                0x0000000020000330                game_started
 .bss.about_screen_showing
                0x0000000020000331        0x1 ./Core/Src/stm32f3xx_it.o
                0x0000000020000331                about_screen_showing
 .bss.show_menu
                0x0000000020000332        0x1 ./Core/Src/stm32f3xx_it.o
                0x0000000020000332                show_menu
 .bss.finish_game
                0x0000000020000333        0x1 ./Core/Src/stm32f3xx_it.o
                0x0000000020000333                finish_game
 .bss.jump_step
                0x0000000020000334        0x1 ./Core/Src/stm32f3xx_it.o
                0x0000000020000334                jump_step
 *fill*         0x0000000020000335        0x3 
 .bss.map       0x0000000020000338       0x50 ./Core/Src/stm32f3xx_it.o
                0x0000000020000338                map
 .bss.replaced_stick
                0x0000000020000388        0x1 ./Core/Src/stm32f3xx_it.o
                0x0000000020000388                replaced_stick
 .bss.uart_counter
                0x0000000020000389        0x1 ./Core/Src/stm32f3xx_it.o
                0x0000000020000389                uart_counter
 .bss.led_light
                0x000000002000038a        0x2 ./Core/Src/stm32f3xx_it.o
                0x000000002000038a                led_light
 .bss.__sbrk_heap_end
                0x000000002000038c        0x4 ./Core/Src/sysmem.o
 .bss.__malloc_free_list
                0x0000000020000390        0x4 e:/program files/st/stm32cubeide_1.7.0/stm32cubeide/plugins/com.st.stm32cube.ide.mcu.externaltools.gnu-tools-for-stm32.9-2020-q2-update.win32_2.0.0.202105311346/tools/bin/../lib/gcc/arm-none-eabi/9.3.1/../../../../arm-none-eabi/lib/thumb/v7e-m+fp/hard\libc_nano.a(lib_a-nano-mallocr.o)
                0x0000000020000390                __malloc_free_list
 .bss.__malloc_sbrk_start
                0x0000000020000394        0x4 e:/program files/st/stm32cubeide_1.7.0/stm32cubeide/plugins/com.st.stm32cube.ide.mcu.externaltools.gnu-tools-for-stm32.9-2020-q2-update.win32_2.0.0.202105311346/tools/bin/../lib/gcc/arm-none-eabi/9.3.1/../../../../arm-none-eabi/lib/thumb/v7e-m+fp/hard\libc_nano.a(lib_a-nano-mallocr.o)
                0x0000000020000394                __malloc_sbrk_start
 *(COMMON)
 COMMON         0x0000000020000398       0x27 ./Core/Src/LiquidCrystal.o
                0x0000000020000398                _row_offsets
                0x000000002000039c                _rw_pin
                0x00000000200003a0                _port
                0x00000000200003a4                _displaycontrol
                0x00000000200003a5                _numlines
                0x00000000200003a8                _data_pins
                0x00000000200003b8                _displaymode
                0x00000000200003b9                _displayfunction
                0x00000000200003ba                _enable_pin
                0x00000000200003bc                _rs_pin
                0x00000000200003be                _initialized
 *fill*         0x00000000200003bf        0x1 
 COMMON         0x00000000200003c0      0x590 ./Core/Src/main.o
                0x00000000200003c0                data1
                0x00000000200003c4                hi2c1
                0x0000000020000410                htim3
                0x000000002000045c                hadc1
                0x00000000200004ac                huart1
                0x0000000020000530                hrtc
                0x0000000020000550                mydate
                0x0000000020000554                htim1
                0x00000000200005a0                hspi1
                0x0000000020000604                htim2
                0x0000000020000650                hpcd_USB_FS
                0x000000002000093c                mytime
 COMMON         0x0000000020000950       0x14 ./Core/Src/stm32f3xx_it.o
                0x0000000020000950                current_tone_end
                0x0000000020000954                current_tone_number
                0x0000000020000958                melody_ptr
                0x000000002000095c                melody_tone_count
                0x0000000020000960                last_button_press
 COMMON         0x0000000020000964        0x4 ./Drivers/STM32F3xx_HAL_Driver/Src/stm32f3xx_hal.o
                0x0000000020000964                uwTick
 COMMON         0x0000000020000968        0x4 e:/program files/st/stm32cubeide_1.7.0/stm32cubeide/plugins/com.st.stm32cube.ide.mcu.externaltools.gnu-tools-for-stm32.9-2020-q2-update.win32_2.0.0.202105311346/tools/bin/../lib/gcc/arm-none-eabi/9.3.1/../../../../arm-none-eabi/lib/thumb/v7e-m+fp/hard\libc_nano.a(lib_a-reent.o)
                0x0000000020000968                errno
 COMMON         0x000000002000096c        0x9 e:/program files/st/stm32cubeide_1.7.0/stm32cubeide/plugins/com.st.stm32cube.ide.mcu.externaltools.gnu-tools-for-stm32.9-2020-q2-update.win32_2.0.0.202105311346/tools/bin/../lib/gcc/arm-none-eabi/9.3.1/../../../../arm-none-eabi/lib/thumb/v7e-m+fp/hard\libc_nano.a(lib_a-lock.o)
                0x000000002000096c                __lock___atexit_recursive_mutex
                0x000000002000096d                __lock___arc4random_mutex
                0x000000002000096e                __lock___env_recursive_mutex
                0x000000002000096f                __lock___sinit_recursive_mutex
                0x0000000020000970                __lock___malloc_recursive_mutex
                0x0000000020000971                __lock___at_quick_exit_mutex
                0x0000000020000972                __lock___dd_hash_mutex
                0x0000000020000973                __lock___tz_mutex
                0x0000000020000974                __lock___sfp_recursive_mutex
                0x0000000020000978                . = ALIGN (0x4)
 *fill*         0x0000000020000975        0x3 
                0x0000000020000978                _ebss = .
                0x0000000020000978                __bss_end__ = _ebss

._user_heap_stack
                0x0000000020000978      0x600
                0x0000000020000978                . = ALIGN (0x8)
                [!provide]                        PROVIDE (end = .)
                0x0000000020000978                PROVIDE (_end = .)
                0x0000000020000b78                . = (. + _Min_Heap_Size)
 *fill*         0x0000000020000978      0x200 
                0x0000000020000f78                . = (. + _Min_Stack_Size)
 *fill*         0x0000000020000b78      0x400 
                0x0000000020000f78                . = ALIGN (0x8)

/DISCARD/
 libc.a(*)
 libm.a(*)
 libgcc.a(*)

.ARM.attributes
                0x0000000000000000       0x30
 *(.ARM.attributes)
 .ARM.attributes
                0x0000000000000000       0x1e e:/program files/st/stm32cubeide_1.7.0/stm32cubeide/plugins/com.st.stm32cube.ide.mcu.externaltools.gnu-tools-for-stm32.9-2020-q2-update.win32_2.0.0.202105311346/tools/bin/../lib/gcc/arm-none-eabi/9.3.1/thumb/v7e-m+fp/hard/crti.o
 .ARM.attributes
                0x000000000000001e       0x34 e:/program files/st/stm32cubeide_1.7.0/stm32cubeide/plugins/com.st.stm32cube.ide.mcu.externaltools.gnu-tools-for-stm32.9-2020-q2-update.win32_2.0.0.202105311346/tools/bin/../lib/gcc/arm-none-eabi/9.3.1/thumb/v7e-m+fp/hard/crtbegin.o
 .ARM.attributes
                0x0000000000000052       0x34 ./Core/Src/LiquidCrystal.o
 .ARM.attributes
                0x0000000000000086       0x34 ./Core/Src/main.o
 .ARM.attributes
                0x00000000000000ba       0x34 ./Core/Src/stm32f3xx_hal_msp.o
 .ARM.attributes
                0x00000000000000ee       0x34 ./Core/Src/stm32f3xx_it.o
 .ARM.attributes
                0x0000000000000122       0x34 ./Core/Src/syscalls.o
 .ARM.attributes
                0x0000000000000156       0x34 ./Core/Src/sysmem.o
 .ARM.attributes
                0x000000000000018a       0x34 ./Core/Src/system_stm32f3xx.o
 .ARM.attributes
                0x00000000000001be       0x21 ./Core/Startup/startup_stm32f303vctx.o
 .ARM.attributes
                0x00000000000001df       0x34 ./Drivers/STM32F3xx_HAL_Driver/Src/stm32f3xx_hal.o
 .ARM.attributes
                0x0000000000000213       0x34 ./Drivers/STM32F3xx_HAL_Driver/Src/stm32f3xx_hal_adc.o
 .ARM.attributes
                0x0000000000000247       0x34 ./Drivers/STM32F3xx_HAL_Driver/Src/stm32f3xx_hal_adc_ex.o
 .ARM.attributes
                0x000000000000027b       0x34 ./Drivers/STM32F3xx_HAL_Driver/Src/stm32f3xx_hal_cortex.o
 .ARM.attributes
                0x00000000000002af       0x34 ./Drivers/STM32F3xx_HAL_Driver/Src/stm32f3xx_hal_dma.o
 .ARM.attributes
                0x00000000000002e3       0x34 ./Drivers/STM32F3xx_HAL_Driver/Src/stm32f3xx_hal_gpio.o
 .ARM.attributes
                0x0000000000000317       0x34 ./Drivers/STM32F3xx_HAL_Driver/Src/stm32f3xx_hal_i2c.o
 .ARM.attributes
                0x000000000000034b       0x34 ./Drivers/STM32F3xx_HAL_Driver/Src/stm32f3xx_hal_i2c_ex.o
 .ARM.attributes
                0x000000000000037f       0x34 ./Drivers/STM32F3xx_HAL_Driver/Src/stm32f3xx_hal_pcd.o
 .ARM.attributes
                0x00000000000003b3       0x34 ./Drivers/STM32F3xx_HAL_Driver/Src/stm32f3xx_hal_rcc.o
 .ARM.attributes
                0x00000000000003e7       0x34 ./Drivers/STM32F3xx_HAL_Driver/Src/stm32f3xx_hal_rcc_ex.o
 .ARM.attributes