stm32f3xx_it.c:160:6:numberToBCD	32	static
stm32f3xx_it.c:180:6:PWM_Start	8	static
stm32f3xx_it.c:185:6:PWM_Change_Tone	40	static
stm32f3xx_it.c:206:6:Change_Melody	16	static
stm32f3xx_it.c:213:6:Update_Melody	16	static
stm32f3xx_it.c:248:6:NMI_Handler	4	static
stm32f3xx_it.c:263:6:HardFault_Handler	4	static
stm32f3xx_it.c:278:6:MemManage_Handler	4	static
stm32f3xx_it.c:293:6:BusFault_Handler	4	static
stm32f3xx_it.c:308:6:UsageFault_Handler	4	static
stm32f3xx_it.c:323:6:SVC_Handler	4	static
stm32f3xx_it.c:336:6:DebugMon_Handler	4	static
stm32f3xx_it.c:349:6:PendSV_Handler	4	static
stm32f3xx_it.c:362:6:SysTick_Handler	8	static
stm32f3xx_it.c:384:6:EXTI0_IRQHandler	8	static
stm32f3xx_it.c:403:6:EXTI3_IRQHandler	88	static
stm32f3xx_it.c:562:6:ADC1_2_IRQHandler	16	static
stm32f3xx_it.c:578:6:TIM2_IRQHandler	16	static
stm32f3xx_it.c:623:6:TIM3_IRQHandler	184	static
stm32f3xx_it.c:933:6:USART1_IRQHandler	16	static
